  401420      8E5 Code                ABBREAK_TEXT
  401D08     4FF8 Code                ABBROWSE_TEXT
  406D00     112F Code                ABEIP_TEXT
  407E30     28B4 Code                ABERROR_TEXT
  40A6E4     6703 Code                ABFILE_TEXT
  410DE8      159 Code                ABFUZZY_TEXT
  410F44     2288 Code                ABPOPUP_TEXT
  4131CC     27F6 Code                ABQUERY_TEXT
  4159C4     4BF1 Code                ABREPORT_TEXT
  41A5B8       91 Code                ABRESIZE_TEXT
  41A64C       37 Code                ABRPATMG_TEXT
  41A684      EB9 Code                ABRPPSEL_TEXT
  41B540      8C2 Code                ABTOOLBA_TEXT
  41BE04     4375 Code                ABUTIL_TEXT
  42017C     1DEE Code                ABWINDOW_TEXT
  421F6C     56E6 Code                ABWMFPAR_TEXT
  427654       80 Code                CWSYNCHC_TEXT
  4276D4       23 Code                IEXE32_TEXT
  4276F8      9E3 Code                INIT_TEXT
  4280DC       37 Code                INST00_TEXT
  428114     4B92 Code                NARUDZBENICA001_TEXT
  42CCA8     49C2 Code                NARUDZBENICA002_TEXT
  43166C     395B Code                NARUDZBENICA003_TEXT
  434FC8     1651 Code                NARUDZBENICA004_TEXT
  43661C     3083 Code                NARUDZBENICA_BC0_TEXT
  4396A0       13 Code                NARUDZBENICA_BC_TEXT
  4396B4       B0 Code                NARUDZBENICA_TEXT
  43A000     1290 Initialized Data    $DEFAULTERRORS_DATA
  43B290       6F Initialized Data    ABBREAK_CONST
  43B300      101 Initialized Data    ABBROWSE_CONST
  43B404      CD0 Initialized Data    ABBROWSE_DATA
  43C0D4       23 Initialized Data    ABEIP_CONST
  43C0F8       B4 Initialized Data    ABEIP_DATA
  43C1AC      16F Initialized Data    ABERROR_CONST
  43C31C      AA4 Initialized Data    ABERROR_DATA
  43CDC0       CD Initialized Data    ABFILE_CONST
  43CE90      410 Initialized Data    ABFILE_DATA
  43D2A0       B4 Initialized Data    ABFUZZY_DATA
  43D354       2D Initialized Data    ABPOPUP_CONST
  43D384      128 Initialized Data    ABPOPUP_DATA
  43D4AC       DE Initialized Data    ABQUERY_CONST
  43D58C       87 Initialized Data    ABQUERY_DATA
  43D614      12E Initialized Data    ABREPORT_CONST
  43D744      944 Initialized Data    ABREPORT_DATA
  43E088        1 Initialized Data    ABRPATMG_CONST
  43E08C       44 Initialized Data    ABRPATMG_DATA
  43E0D0       7F Initialized Data    ABRPPSEL_CONST
  43E150      11D Initialized Data    ABRPPSEL_DATA
  43E270      390 Initialized Data    ABTOOLBA_DATA
  43E600       91 Initialized Data    ABUTIL_CONST
  43E694      569 Initialized Data    ABUTIL_DATA
  43EC00       9B Initialized Data    ABWINDOW_DATA
  43EC9C      101 Initialized Data    ABWMFPAR_CONST
  43EDA0      E61 Initialized Data    ABWMFPAR_DATA
  43FC04       48 Initialized Data    CWSYNCHC_DATA
  43FC4C        E Initialized Data    CWUTIL_CONST
  43FC5C       36 Initialized Data    CWUTIL_DATA
  43FC94       44 Initialized Data    IEXE32_DATA
  43FCD8      1E3 Initialized Data    NARUDZBENICA001_CONST
  43FEBC     51C8 Initialized Data    NARUDZBENICA001_DATA
  445084      1CC Initialized Data    NARUDZBENICA002_CONST
  445250     25D4 Initialized Data    NARUDZBENICA002_DATA
  447824      1A4 Initialized Data    NARUDZBENICA003_CONST
  4479C8     2DD8 Initialized Data    NARUDZBENICA003_DATA
  44A7A0       EF Initialized Data    NARUDZBENICA004_CONST
  44A890     193C Initialized Data    NARUDZBENICA004_DATA
  44C1CC      272 Initialized Data    NARUDZBENICA_BC0_CONST
  44C440     2E80 Initialized Data    NARUDZBENICA_BC0_DATA
  44F2C0      216 Initialized Data    NARUDZBENICA_CONST
  44F4D8      46C Initialized Data    NARUDZBENICA_DATA
  44F944        0 Initialized Data    __CPPINI_CONS
  44F944      2D8 Initialized Data    __CPPINI_CONST
  44FC1C        4 Initialized Data    __CPPINI_END
  44FC20        0 Initialized Data    __INIVMT_CONS
  44FC20      380 Initialized Data    __INIVMT_CONST
  44FFA0        0 Initialized Data    __INIVMT_CONST_END
  44FFA0     1623 Un-initialized Data $FUZZYMATCHER_BSS
  4515C4       40 Un-initialized Data ABEIP_BSS
  451604      404 Un-initialized Data ABERROR_BSS
  451A08       10 Un-initialized Data ABFILE_BSS
  451A18        4 Un-initialized Data ABFUZZY_BSS
  451A1C      104 Un-initialized Data ABUTIL_BSS
  451B20        0 Un-initialized Data ABWMFPAR_BSS
  451B20        0 Un-initialized Data CWUTIL_BSS
  451B20      14C Un-initialized Data NARUDZBENICA_BSS
  452000        8 __T_L_S__DAT
  452008      C78 __T_L_S__DATA
  452C80        0 __T_L_S__DATA_END
  452C80        0 __T_L_S__BS
  452C80    1347C __T_L_S__BSS
  4660FC        0 __T_L_S__BSS_END

  401420 EVALUATELEVEL@F17LEVELMANAGERCLASSs
  4014AC RESTORERESETBUFFER@F17LEVELMANAGERCLASSs
  401524 SAVERESETBUFFER@F17LEVELMANAGERCLASSs
  4015BC RESTOREBUFFEROFF@F17LEVELMANAGERCLASS
  401610 RESTOREBUFFERON@F17LEVELMANAGERCLASS
  40167C SAVEBUFFER@F17LEVELMANAGERCLASS
  4016D0 REFRESHFIELDS@F17LEVELMANAGERCLASSs
  401808 RESETTOTALS@F17LEVELMANAGERCLASSs
  4018DC ASKLEVELOFF@F17LEVELMANAGERCLASSs
  4019A4 ASKLEVELON@F17LEVELMANAGERCLASSs
  401A10 ASKLEVEL@F17LEVELMANAGERCLASSUc
  401AD0 RESET@F17LEVELMANAGERCLASS
  401C5C ASKBREAK@F17BREAKMANAGERCLASSUc
  401CB4 RESET@F17BREAKMANAGERCLASS
  402324 KILL_@_WINDOWCOMPONENT_@_BROWSECLASS@F15WINDOWCOMPONENT
  402334 RESET_@_WINDOWCOMPONENT_@_BROWSECLASS@F15WINDOWCOMPONENTUc
  402348 RESETREQUIRED_@_WINDOWCOMPONENT_@_BROWSECLASS@F15WINDOWCOMPONENT
  402358 SETALERTS_@_WINDOWCOMPONENT_@_BROWSECLASS@F15WINDOWCOMPONENT
  40236C TAKEEVENT_@_WINDOWCOMPONENT_@_BROWSECLASS@F15WINDOWCOMPONENT
  402380 UPDATE_@_WINDOWCOMPONENT_@_BROWSECLASS@F15WINDOWCOMPONENT
  402394 UPDATEWINDOW_@_WINDOWCOMPONENT_@_BROWSECLASS@F15WINDOWCOMPONENT
  4023A8 DOSHOWWAITCURSOR@F11BROWSECLASSUc
  4023E0 SHOWWAITCURSOR@F11BROWSECLASSUc
  4023F4 SETUSEWAITCURSOR@F11BROWSECLASSUc
  4023FC UPDATEWINDOW@F11BROWSECLASS
  4025DC UPDATEVIEWRECORD@F11BROWSECLASS
  4026C0 UPDATETOOLBARBUTTONS@F11BROWSECLASS
  402748 UPDATETHUMBFIXED@F11BROWSECLASS
  4028F8 UPDATETHUMB@F11BROWSECLASS
  402B9C UPDATERESETS@F11BROWSECLASS
  402BB0 UPDATEBUFFER@F11BROWSECLASS
  402BE8 TAKEVCRSCROLL@F11BROWSECLASSl
  402CD0 TAKESCROLL@F11BROWSECLASSl
  402D54 TAKENEWSELECTION@F11BROWSECLASS
  402DE8 TAKELOCATE@F11BROWSECLASS
  402E60 TAKEKEY@F11BROWSECLASS
  403104 TAKEEVENT@F11BROWSECLASS
  403814 TAKECHOICECHANGED@F11BROWSECLASS
  40387C TAKEACCEPTEDLOCATOR@F11BROWSECLASS
  403970 GETUSEMRP@F11BROWSECLASS
  403974 SETUSEMRP@F11BROWSECLASSUc
  403978 SETUSEPOPUP@F11BROWSECLASSUc
  40397C SETSORT@F11BROWSECLASSUcUc
  403AB8 SETQUEUERECORD@F11BROWSECLASS
  403AD8 SETALERTS@F11BROWSECLASS
  403FEC SCROLLPAGE@F11BROWSECLASSl
  4040D0 SCROLLONE@F11BROWSECLASSl
  404130 SCROLLEND@F11BROWSECLASSl
  4041A8 SAVESORT@F11BROWSECLASS
  40429C RESETTHUMBLIMITS@F11BROWSECLASS
  4043D8 RESETSORT@F11BROWSECLASSUc
  4043FC RESETRESETS@F11BROWSECLASS
  404410 RESETQUEUE@F11BROWSECLASSUc
  4049B8 RESETFROMVIEW@F11BROWSECLASS
  4049F0 RESETFROMFILE@F11BROWSECLASS
  404A14 RESETFROMBUFFER@F11BROWSECLASS
  404A84 RESETFROMASK@F11BROWSECLASSRUcRUc
  404C7C REPLACESORT@F11BROWSECLASSsb12LOCATORCLASS9STEPCLASS
  404D54 RECORDS@F11BROWSECLASS
  404DBC PREVIOUS@F11BROWSECLASS
  404E08 POSTNEWSELECTION@F11BROWSECLASS
  404E60 NOTIFYUPDATEERROR@F11BROWSECLASS
  404E80 NEXT@F11BROWSECLASS
  404ECC KILL@F11BROWSECLASS
  405110 INITSORT@F11BROWSECLASSUc
  405164 INIT@F11BROWSECLASS12ILISTCONTROLBi11BROWSEQUEUE15RELATIONMANAGER13WINDOWMANAGER
  405270 INIT@F11BROWSECLASSlRsbBiBq15RELATIONMANAGER13WINDOWMANAGER
  4052D4 FETCH@F11BROWSECLASSUc
  405560 CHECKEIP@F11BROWSECLASS
  405624 ASKRECORD@F11BROWSECLASSUc
  405638 ASK@F11BROWSECLASSUc
  405708 APPLYRANGE@F11BROWSECLASS
  405774 ADDTOOLBARTARGET@F11BROWSECLASS12TOOLBARCLASS
  4057C8 ADDSORTORDER@F11BROWSECLASS9STEPCLASSBk
  405844 ADDLOCATOR@F11BROWSECLASS12LOCATORCLASS
  405860 ADDFIELD@F11BROWSECLASSRuRu
  4058A0 ADDEDITCONTROL@F11BROWSECLASS9EDITCLASSlUc
  4058B4 RECORDS_@_BROWSEQUEUE_@_STANDARDBEHAVIOR@F11BROWSEQUEUE
  4058C0 INSERT_@_BROWSEQUEUE_@_STANDARDBEHAVIOR@F11BROWSEQUEUE
  4058CC INSERT_@_BROWSEQUEUE_@_STANDARDBEHAVIOR@F11BROWSEQUEUEl
  4058D8 FETCH_@_BROWSEQUEUE_@_STANDARDBEHAVIOR@F11BROWSEQUEUEl
  4058E4 UPDATE_@_BROWSEQUEUE_@_STANDARDBEHAVIOR@F11BROWSEQUEUE
  4058F0 DELETE_@_BROWSEQUEUE_@_STANDARDBEHAVIOR@F11BROWSEQUEUE
  4058FC FREE_@_BROWSEQUEUE_@_STANDARDBEHAVIOR@F11BROWSEQUEUE
  405908 WHO_@_BROWSEQUEUE_@_STANDARDBEHAVIOR@F11BROWSEQUEUEl
  405918 GETVIEWPOSITION_@_BROWSEQUEUE_@_STANDARDBEHAVIOR@F11BROWSEQUEUE
  405930 SETVIEWPOSITION_@_BROWSEQUEUE_@_STANDARDBEHAVIOR@F11BROWSEQUEUEsb
  405968 CHOICE_@_ILISTCONTROL_@_STANDARDBEHAVIOR@F12ILISTCONTROL
  405974 GETCONTROL_@_ILISTCONTROL_@_STANDARDBEHAVIOR@F12ILISTCONTROL
  405978 GETITEMS_@_ILISTCONTROL_@_STANDARDBEHAVIOR@F12ILISTCONTROL
  4059AC GETVISIBLE_@_ILISTCONTROL_@_STANDARDBEHAVIOR@F12ILISTCONTROL
  4059E0 SETCHOICE_@_ILISTCONTROL_@_STANDARDBEHAVIOR@F12ILISTCONTROLl
  405A34 SETCONTROL_@_ILISTCONTROL_@_STANDARDBEHAVIOR@F12ILISTCONTROLl
  405A38 GETSELECTEDITEM_@_ILISTCONTROL_@_STANDARDBEHAVIOR@F12ILISTCONTROL
  405A94 INIT@F16STANDARDBEHAVIORBqRsbl
  405AAC TAKENEWSELECTION@F16BROWSEEIPMANAGER
  405B44 TAKECOMPLETED@F16BROWSEEIPMANAGERUc
  405D2C KILL@F16BROWSEEIPMANAGER
  405D60 INIT@F16BROWSEEIPMANAGER
  406124 CLEARCOLUMN@F16BROWSEEIPMANAGER
  40616C TAKEKEY@F16STEPLOCATORCLASS
  406398 SET@F16STEPLOCATORCLASS
  40639C INIT@F16STEPLOCATORCLASSlRuUc
  4063C4 UPDATEWINDOW@F12LOCATORCLASS
  4063CC TAKEACCEPTED@F12LOCATORCLASS
  4063D0 SETSHADOW@F12LOCATORCLASSsb
  4063EC SETENABLED@F12LOCATORCLASSUc
  406430 SETALERTS@F12LOCATORCLASSl
  406434 SETLOCATORFIELD@F12LOCATORCLASSRu
  406488 RESET@F12LOCATORCLASS
  40648C INIT@F12LOCATORCLASSlRuUc11BROWSECLASS
  4064C0 INIT@F12LOCATORCLASSlRuUc
  4064DC GETSHADOW@F12LOCATORCLASS
  4064F8 DESTRUCT@F12LOCATORCLASS
  40650C UNHASH@F15STEPSTRINGCLASSl
  40659C SETLIMITNEEDED@F15STEPSTRINGCLASS
  4065B0 SETLIMIT@F15STEPSTRINGCLASSuu
  406898 KILL@F15STEPSTRINGCLASS
  4068C4 INIT@F15STEPSTRINGCLASSUcUc
  406AE0 HASH@F15STEPSTRINGCLASSsb
  406B98 GETVALUE@F15STEPSTRINGCLASSUc
  406BF0 GETPERCENTILE@F15STEPSTRINGCLASSu
  406CFC INIT@F9STEPCLASSUc
  406D00 TAKENEWSELECTION@F10EIPMANAGER
  406D78 TAKEFOCUSLOSS@F10EIPMANAGER
  406DCC TAKEFIELDEVENT@F10EIPMANAGER
  406F1C TAKEEVENT@F10EIPMANAGER
  406FAC TAKECOMPLETED@F10EIPMANAGERUc
  406FF8 TAKEACTION@F10EIPMANAGERl
  407300 TAKEACCEPTALL@F10EIPMANAGER
  40744C RUN@F10EIPMANAGERUc
  4074E4 RESETCOLUMN@F10EIPMANAGER
  4075AC GETEDIT@F10EIPMANAGER
  407608 NEXT@F10EIPMANAGER
  4076E4 KILL@F10EIPMANAGER
  40786C INITCONTROLS@F10EIPMANAGER
  407A78 INIT@F10EIPMANAGER
  407AE4 CLEARCOLUMN@F10EIPMANAGER
  407B2C ADDCONTROL@F10EIPMANAGER9EDITCLASSlUc
  407B88 CREATECONTROL@F14EDITENTRYCLASS
  407BAC RESETCONTROL@F9EDITCLASS
  407BB0 GETFEQ@F9EDITCLASS
  407BB4 TAKEEVENT@F9EDITCLASSl
  407BFC TAKEACCEPTED@F9EDITCLASSUc
  407C14 SETREADONLY@F9EDITCLASSUc
  407C70 SETALERTS@F9EDITCLASS
  407D70 KILL@F9EDITCLASS
  407DA0 INIT@F9EDITCLASSllRu
  407F4C KILL_@_WINDOWCOMPONENT_@_HISTHANDLERCLASS@F15WINDOWCOMPONENT
  407F50 RESET_@_WINDOWCOMPONENT_@_HISTHANDLERCLASS@F15WINDOWCOMPONENTUc
  407F54 RESETREQUIRED_@_WINDOWCOMPONENT_@_HISTHANDLERCLASS@F15WINDOWCOMPONENT
  407F58 SETALERTS_@_WINDOWCOMPONENT_@_HISTHANDLERCLASS@F15WINDOWCOMPONENT
  407F5C TAKEEVENT_@_WINDOWCOMPONENT_@_HISTHANDLERCLASS@F15WINDOWCOMPONENT
  407F64 UPDATE_@_WINDOWCOMPONENT_@_HISTHANDLERCLASS@F15WINDOWCOMPONENT
  407F68 UPDATEWINDOW_@_WINDOWCOMPONENT_@_HISTHANDLERCLASS@F15WINDOWCOMPONENT
  407F7C VLBPROC@F16HISTHANDLERCLASSls
  408028 TAKEEVENT@F16HISTHANDLERCLASS
  4080F0 INIT@F16HISTHANDLERCLASSBw10ERRORCLASS16ERRORHISTORYLIST
  4080FC _VLBPROC@F16HISTHANDLERCLASSls
  40810C TAKEACCEPTED@F11MSGBOXCLASS
  408148 SETUPADDITIONALFEQS@F11MSGBOXCLASS
  4081D0 KILL@F11MSGBOXCLASS
  408210 INIT@F11MSGBOXCLASS
  4084C0 INIT@F11MSGBOXCLASSBw10ERRORCLASSOsbllll
  408558 FETCHSTDBUTTON@F11MSGBOXCLASSs
  40858C GETALLSTATUSVARIABLES@F10ERRORCLASS16ERRORSTATUSGROUP
  4085BC GETERRORBUFFERFATALITY@F10ERRORCLASS
  4085EC GETERRORBUFFERTITLE@F10ERRORCLASS
  408624 GETERRORBUFFERID@F10ERRORCLASS
  408648 SETMESSAGETEXT@F10ERRORCLASSsb
  408698 SETKEYNAME@F10ERRORCLASSsb
  4086E8 SETFIELDNAME@F10ERRORCLASSsb
  408738 SETFILENAME@F10ERRORCLASSsb
  408788 STOREERRORENTRY@F10ERRORCLASSUs
  4088B8 GETHISTORYRESETONVIEW@F10ERRORCLASS
  408904 SETHISTORYRESETONVIEW@F10ERRORCLASSUc
  40894C GETHISTORYVIEWLEVEL@F10ERRORCLASS
  408998 SETHISTORYVIEWLEVEL@F10ERRORCLASSl
  4089E0 GETHISTORYTHRESHOLD@F10ERRORCLASS
  408A2C SETHISTORYTHRESHOLD@F10ERRORCLASSl
  408A74 GETLOGERRORS@F10ERRORCLASS
  408AC0 GETSILENT@F10ERRORCLASS
  408B0C SETDEFAULTCATEGORY@F10ERRORCLASSsa
  408B54 GETDEFAULTCATEGORY@F10ERRORCLASS
  408BA0 VIEWHISTORY@F10ERRORCLASS
  408BCC THROWMESSAGE@F10ERRORCLASSssb
  408C1C THROW@F10ERRORCLASSs
  408C30 TAKEUSER@F10ERRORCLASS
  408C8C TAKEPROGRAM@F10ERRORCLASS
  408C94 TAKEOTHER@F10ERRORCLASS
  408C9C TAKENOTIFY@F10ERRORCLASS
  408CE8 TAKEFATAL@F10ERRORCLASS
  408D74 TAKEERROR@F10ERRORCLASSs
  408F78 TAKEBENIGN@F10ERRORCLASS
  408F7C SUBSSTRING@F10ERRORCLASS
  409330 SETPROCEDURENAME@F10ERRORCLASSOsb
  4093E0 GETERRORENTRY@F10ERRORCLASSUs15ERRORENTRYGROUPl
  409484 GETERRORENTRY@F10ERRORCLASSUs15ERRORENTRYGROUP
  4094B8 SETID@F10ERRORCLASSUsl
  4094F0 SETID@F10ERRORCLASSUs
  40950C SETKEY@F10ERRORCLASSsb
  409548 SETFILE@F10ERRORCLASSsb
  409584 SETFIELD@F10ERRORCLASSsb
  4095C0 SETERRORS@F10ERRORCLASS
  409644 SETERRORLOG@F10ERRORCLASS17ERRORLOGINTERFACE
  4096E4 SETCATEGORY@F10ERRORCLASSssa
  409730 RESETHISTORY@F10ERRORCLASS
  409758 REMOVEERROR@F10ERRORCLASSUs
  409798 MESSAGEBOX@F10ERRORCLASSUcsbOsbOsblll
  409830 MSG@F10ERRORCLASSsbOsbOsblll
  409B7C MESSAGE@F10ERRORCLASSsll
  409BE0 KILL@F10ERRORCLASS
  409C84 INIT@F10ERRORCLASS16ERRORSTATUSCLASS
  409CE0 INIT@F10ERRORCLASS
  409DB4 HISTORYMSG@F10ERRORCLASSsblll
  409F74 GETPROCEDURENAME@F10ERRORCLASS
  40A048 GETCATEGORY@F10ERRORCLASSs
  40A0D0 ADDHISTORY@F10ERRORCLASS
  40A100 ADDERRORS@F10ERRORCLASS10ERRORBLOCK
  40A2AC ADDERROR@F10ERRORCLASSUsRsbRsbUcsa
  40A358 DESTRUCT@F10ERRORCLASS
  40A374 CONSTRUCT@F10ERRORCLASS
  40A38C DESTRUCT@F16ERRORSTATUSCLASS
  40A3C0 CONSTRUCT@F16ERRORSTATUSCLASS
  40A4F8 CLOSE_@_ERRORLOGINTERFACE_@_STANDARDERRORLOGCLASS@F17ERRORLOGINTERFACEUc
  40A500 OPEN_@_ERRORLOGINTERFACE_@_STANDARDERRORLOGCLASS@F17ERRORLOGINTERFACEUc
  40A508 TAKE_@_ERRORLOGINTERFACE_@_STANDARDERRORLOGCLASS@F17ERRORLOGINTERFACEsb
  40A5AC CLOSE@F21STANDARDERRORLOGCLASSUc
  40A628 OPEN@F21STANDARDERRORLOGCLASSUc
  40A6D0 DESTRUCT@F21STANDARDERRORLOGCLASS
  40A6DC CONSTRUCT@F21STANDARDERRORLOGCLASS
  40A928 REMOVERELATIONFILEMAPPING@F12FILESMANAGER15RELATIONMANAGER
  40A948 REMOVERELATIONFILEMAPPING@F12FILESMANAGERl
  40A964 REMOVEFILEMAPPING@F12FILESMANAGER11FILEMANAGER
  40A980 REMOVEFILEMAPPING@F12FILESMANAGERl
  40A99C NOTEUSAGE@F12FILESMANAGER11FILEMANAGERUc
  40AA74 NOTEOPEN@F12FILESMANAGER11FILEMANAGER
  40AAB8 NOTECLOSE@F12FILESMANAGER11FILEMANAGER
  40AB48 GETRELATIONFILEMAPPING@F12FILESMANAGERl
  40AB80 GETFILEMAPPING@F12FILESMANAGERl
  40ABB8 GETFILEID@F12FILESMANAGERBf
  40ABD0 FINDRECORD@F12FILESMANAGER11FILEMANAGER
  40AC7C ADDFILEMAPPING@F12FILESMANAGER15RELATIONMANAGER
  40ACD8 ADDFILEMAPPING@F12FILESMANAGER11FILEMANAGER
  40AD34 DESTRUCT@F12FILESMANAGER
  40AD74 CONSTRUCT@F12FILESMANAGER
  40B4CC OPENFILE_@_IFILEOPENSERVER_@_UNTHREADEDFILEOPENSERVER@F15IFILEOPENSERVERl
  40B55C CLOSEFILE_@_IFILEOPENSERVER_@_UNTHREADEDFILEOPENSERVER@F15IFILEOPENSERVER
  40B5DC LINK_@_IFILEOPENSERVER_@_UNTHREADEDFILEOPENSERVER@F15IFILEOPENSERVER
  40B62C RELEASE_@_IFILEOPENSERVER_@_UNTHREADEDFILEOPENSERVER@F15IFILEOPENSERVER
  40B6B8 INIT@F24UNTHREADEDFILEOPENSERVERBf
  40B6CC DESTRUCT@F24UNTHREADEDFILEOPENSERVER
  40B6F0 CONSTRUCT@F24UNTHREADEDFILEOPENSERVER
  40B720 OPENFILE_@_IFILEOPENSERVER_@_THREADEDFILEOPENSERVER@F15IFILEOPENSERVERl
  40B74C CLOSEFILE_@_IFILEOPENSERVER_@_THREADEDFILEOPENSERVER@F15IFILEOPENSERVER
  40B75C LINK_@_IFILEOPENSERVER_@_THREADEDFILEOPENSERVER@F15IFILEOPENSERVER
  40B768 RELEASE_@_IFILEOPENSERVER_@_THREADEDFILEOPENSERVER@F15IFILEOPENSERVER
  40B774 RELEASE@F14FILEOPENSERVER
  40B7A0 LINK@F14FILEOPENSERVER
  40B7A4 INIT@F14FILEOPENSERVERBf
  40B7A8 DESTRUCT@F14FILEOPENSERVER
  40B7B0 CONSTRUCT@F14FILEOPENSERVER
  40B7BC VALIDATERECORD@F11VIEWMANAGER
  40B7C0 UNUSEVIEW@F11VIEWMANAGER
  40B858 USEVIEW@F11VIEWMANAGER
  40B91C SETSORT@F11VIEWMANAGERUc
  40B948 SETORDER@F11VIEWMANAGERsb
  40B9D8 SETFREEELEMENT@F11VIEWMANAGER
  40BA54 SETFILTER@F11VIEWMANAGERsbsb
  40BB90 SETFILTER@F11VIEWMANAGERsb
  40BBD8 SAVEBUFFERS@F11VIEWMANAGER
  40BC88 RESTOREBUFFERS@F11VIEWMANAGER
  40BCF0 RESET@F11VIEWMANAGER
  40BCFC RESET@F11VIEWMANAGERUc
  40BD44 PRIMERECORD@F11VIEWMANAGERUc
  40BE88 PREVIOUS@F11VIEWMANAGER
  40BEEC OPEN@F11VIEWMANAGER
  40BF68 NEXT@F11VIEWMANAGER
  40BFCC LIMITMAJORCOMPONENTS@F11VIEWMANAGERRu
  40C088 KILL@F11VIEWMANAGER
  40C1E0 GETFIELDASCENDING@F11VIEWMANAGERRu
  40C544 INIT@F11VIEWMANAGERBi15RELATIONMANAGER9SORTORDER
  40C5A4 GETFREEELEMENTPOSITION@F11VIEWMANAGER
  40C5FC GETFREEELEMENTNAME@F11VIEWMANAGER
  40C650 GETFREEELEMENTASCENDING@F11VIEWMANAGER
  40C6A8 CLEARFILESRECORD@F11VIEWMANAGER
  40C760 CLOSE@F11VIEWMANAGERUc
  40C77C CLOSE@F11VIEWMANAGER
  40C788 APPLYRANGE@F11VIEWMANAGER
  40C954 APPLYORDER@F11VIEWMANAGER
  40C9AC APPLYFILTER@F11VIEWMANAGER
  40CF10 APPENDORDER@F11VIEWMANAGERsb
  40CFF0 ADDSORTORDER@F11VIEWMANAGERBk
  40D0BC ADDRANGE@F11VIEWMANAGERRu15RELATIONMANAGER15RELATIONMANAGER
  40D0E4 ADDRANGE@F11VIEWMANAGERRu
  40D144 DESTRUCT@F11VIEWMANAGER
  40D158 DEFEREDADDRELATIONS@F15RELATIONMANAGER
  40D15C UPDATESECONDARY@F15RELATIONMANAGERBk18BUFFEREDPAIRSCLASSUc
  40D2EC UPDATE@F15RELATIONMANAGERUc
  40D500 INSERT@F15RELATIONMANAGER
  40D658 SETOPENRELATED@F15RELATIONMANAGER
  40D660 SETQUICKSCAN@F15RELATIONMANAGERUcUc
  40D76C SAVE@F15RELATIONMANAGER
  40D7B4 FORCEOPEN@F15RELATIONMANAGERUc
  40D7C4 OPEN@F15RELATIONMANAGERUc
  40D7EC OPENCLOSESERVER@F15RELATIONMANAGERUcUc
  40D970 LOGOUTINSERT@F15RELATIONMANAGER
  40DA04 LOGOUTUPDATE@F15RELATIONMANAGER
  40DA70 LOGOUTPRIME@F15RELATIONMANAGER
  40DB50 LOGOUTDELETE@F15RELATIONMANAGER
  40DBCC LISTLINKINGFIELDS@F15RELATIONMANAGER15RELATIONMANAGER15FIELDPAIRSCLASSUc
  40DD3C KILL@F15RELATIONMANAGER
  40DDC0 INIT@F15RELATIONMANAGER11FILEMANAGERUc
  40DDF8 DELETESECONDARY@F15RELATIONMANAGERBk18BUFFEREDPAIRSCLASSUcUc
  40E090 DELETE@F15RELATIONMANAGERUc
  40E2DC CLOSE@F15RELATIONMANAGERUc
  40E2E8 CASCADEUPDATES@F15RELATIONMANAGER
  40E3C4 CANCELAUTOINC@F15RELATIONMANAGER
  40E3D8 ADDRELATIONLINK@F15RELATIONMANAGERRuRu
  40E424 ADDRELATION@F15RELATIONMANAGER15RELATIONMANAGERUcUcBk
  40E484 ADDRELATION@F15RELATIONMANAGER15RELATIONMANAGER
  40E4B0 DEFEREDRELATIONS@F15RELATIONMANAGER
  40E4D8 CONSTRUCT@F15RELATIONMANAGER
  40E4E0 FUNCTIONCALLED_@_FILECALLBACKINTERFACE_@_FILEMANAGER@F21FILECALLBACKINTERFACEl6PARAMSRscRsc
  40E58C FUNCTIONDONE_@_FILECALLBACKINTERFACE_@_FILEMANAGER@F21FILECALLBACKINTERFACEl6PARAMSRscRsc
  40E6D8 POSTCREATE@F11FILEMANAGERRscRsc
  40E6E0 PRECREATE@F11FILEMANAGERRscRsc
  40E6E8 POSTFETCH@F11FILEMANAGERlBksbllRscRsc
  40E70C PREFETCH@F11FILEMANAGERlBksbllRscRsc
  40E730 POSTUPDATE@F11FILEMANAGERRscRsc
  40E738 PREUPDATE@F11FILEMANAGERllRscRsc
  40E740 POSTINSERT@F11FILEMANAGERRscRsc
  40E748 PREINSERT@F11FILEMANAGERllRscRsc
  40E750 POSTDELETE@F11FILEMANAGERRscRsc
  40E758 PREDELETE@F11FILEMANAGERRscRsc
  40E760 FUNCTIONDONE@F11FILEMANAGERl6PARAMSRscRsc
  40E894 FUNCTIONCALLED@F11FILEMANAGERl6PARAMSRscRsc
  40E9F8 GETHASAUTOINC@F11FILEMANAGER
  40EA00 GETAUTOINCDONE@F11FILEMANAGER
  40EA08 GETMRPSIZE@F11FILEMANAGER
  40EA10 SETMRPSIZE@F11FILEMANAGERUc
  40EA18 GETUSEMRP@F11FILEMANAGER
  40EA20 SETUSEMRP@F11FILEMANAGERUc
  40EA28 DELETED@F11FILEMANAGER
  40EA2C DELETERECORD@F11FILEMANAGERUc
  40EA80 VALIDATERECORD@F11FILEMANAGERPl
  40EB38 VALIDATEFIELDS@F11FILEMANAGERllPl
  40EBF4 VALIDATEFIELDSERVER@F11FILEMANAGERlUc
  40EC60 TRYVALIDATEFIELD@F11FILEMANAGERl
  40EC70 VALIDATEFIELD@F11FILEMANAGERl
  40EC80 USEFILE@F11FILEMANAGERUc
  40ED74 UPDATESERVER@F11FILEMANAGERUc
  40EE6C UPDATE@F11FILEMANAGER
  40EE78 TRYUPDATE@F11FILEMANAGER
  40EE84 TRYREGET@F11FILEMANAGERsb
  40EF2C TRYPRIMEAUTOINC@F11FILEMANAGER
  40EF38 TRYPREVIOUS@F11FILEMANAGER
  40EF48 TRYOPEN@F11FILEMANAGER
  40EF58 TRYNEXT@F11FILEMANAGER
  40EF68 TRYINSERT@F11FILEMANAGER
  40EF74 TRYFETCH@F11FILEMANAGERBk
  40EFBC THROWMESSAGE@F11FILEMANAGERUssb
  40F010 THROW@F11FILEMANAGER
  40F034 THROW@F11FILEMANAGERUs
  40F04C SETKEY@F11FILEMANAGERBk
  40F0A4 SETERRORS@F11FILEMANAGER10ERRORCLASS
  40F0A8 SETERROR@F11FILEMANAGERUs
  40F0C0 SAVEFILE@F11FILEMANAGER
  40F1DC SAVEBUFFER@F11FILEMANAGER
  40F334 RESTOREFILE@F11FILEMANAGERRUs11FILEMANAGERUc
  40F464 RESTOREFILE@F11FILEMANAGERRUsUc
  40F474 RESTOREBUFFER@F11FILEMANAGERRUs11FILEMANAGERUc
  40F5E4 RESTOREBUFFER@F11FILEMANAGERRUsUc
  40F5F4 PRIMERECORD@F11FILEMANAGERUc
  40F700 PRIMEFIELDS@F11FILEMANAGER
  40F704 PRIMEAUTOINCSERVER@F11FILEMANAGERUc
  40FCB4 PRIMEAUTOINC@F11FILEMANAGER
  40FCC0 PREVIOUS@F11FILEMANAGER
  40FCD0 POSITION@F11FILEMANAGER
  40FD50 OPENSERVER@F11FILEMANAGERUcUc
  40FDB0 OPENFILE@F11FILEMANAGERUc
  40FFD0 OPEN@F11FILEMANAGER
  40FFE0 NEXTSERVER@F11FILEMANAGERUcUc
  4100FC NEXT@F11FILEMANAGER
  41010C KILL@F11FILEMANAGER
  410150 KEYTOORDER@F11FILEMANAGERBkUc
  41029C ISOPENED@F11FILEMANAGER
  4102BC INSERTSERVER@F11FILEMANAGERUc
  4104D4 INSERT@F11FILEMANAGER
  4104E0 INIT@F11FILEMANAGERBf10ERRORCLASS
  4105C0 INIT@F11FILEMANAGER
  4105FC GETOPENED@F11FILEMANAGER
  410604 GETNAME@F11FILEMANAGER
  41068C GETFIELDNAME@F11FILEMANAGERBkUc
  4106DC GETFIELDASCENDING@F11FILEMANAGERBkUc
  410710 GETFIELD@F11FILEMANAGERBkUc
  41074C GETEOF@F11FILEMANAGER
  410754 GETCOMPONENTS@F11FILEMANAGERBk
  410770 FETCH@F11FILEMANAGERBk
  4107A8 EQUALBUFFER@F11FILEMANAGERRUs
  4108E4 CLOSE@F11FILEMANAGER
  410978 CLEARKEY@F11FILEMANAGERBkUcUcUc
  410A28 CANCELAUTOINC@F11FILEMANAGER15RELATIONMANAGER
  410A98 BINDFIELDS@F11FILEMANAGER
  410ABC ADDKEY@F11FILEMANAGERBksbUc
  410DB4 DESTRUCT@F11FILEMANAGER
  410DE8 SETOPTION@F10FUZZYCLASSUcUc
  410E4C KILL@F10FUZZYCLASS
  410E50 INIT@F10FUZZYCLASS
  410E64 CONSTRUCT@F10FUZZYCLASS
  4111D8 TOOLBOX@F10POPUPCLASSsb
  411264 SETTRANSLATOR@F10POPUPCLASS15TRANSLATORCLASS
  411274 SETTOOLBOX@F10POPUPCLASSsbUc
  4112E0 SETICON@F10POPUPCLASSsbsb
  411358 SETITEMENABLE@F10POPUPCLASSsbUc
  411404 SETITEMCHECK@F10POPUPCLASSsbUc
  4114B0 SETITEM@F10POPUPCLASSllsbsb
  4116CC RESETTOOLBOX@F10POPUPCLASS
  411AD4 LOCATENAME@F10POPUPCLASSsb
  411B58 KILL@F10POPUPCLASS
  411B74 INIT@F10POPUPCLASS
  411BA8 GETNAME@F10POPUPCLASSl
  411CD0 GETMENUTEXT@F10POPUPCLASS
  411FB8 GETLASTSELECTION@F10POPUPCLASS
  411FC8 GETITEMS@F10POPUPCLASSUc
  412074 EXECUTEPOPUP@F10POPUPCLASSsbllUc
  41214C EMPTYITEMS@F10POPUPCLASS
  412158 DELETEITEM@F10POPUPCLASSsb
  4121A0 CHECKMIMICS@F10POPUPCLASS
  412360 ASKTOOLBOX@F10POPUPCLASSsb
  412804 ASK@F10POPUPCLASSllUc
  412960 ASK@F10POPUPCLASSll
  412970 ADDSUBMENU@F10POPUPCLASSsbsbsb
  412A30 ADDSUBMENU@F10POPUPCLASSsbsb
  412A98 ADDMENU@F10POPUPCLASSsbUc
  412BF4 ADDITEMMIMIC@F10POPUPCLASSsblOsb
  412CD4 ADDITEMEVENT@F10POPUPCLASSsbll
  412DB8 ADDITEM@F10POPUPCLASSsbsbsbUc
  412E4C ADDITEM@F10POPUPCLASSsbsb
  412EBC ADDITEM@F10POPUPCLASSsb
  413914 CLEARQUERY@F10QUERYCLASS
  4139BC GETQUERIES@F10QUERYCLASS11SECTORQUEUE
  413A5C RESTORE@F10QUERYCLASSsb
  4141EC TAKE@F10QUERYCLASS10POPUPCLASS
  41428C SAVE@F10QUERYCLASSsb
  4143E8 SETQUICKPOPUP@F10QUERYCLASS10POPUPCLASSUs
  4149A0 QUOTE@F10QUERYCLASSsb
  414A84 GETLIMIT@F10QUERYCLASSRscRscRUcUcRsc
  415040 GETFILTER@F10QUERYCLASS
  41554C MAKEOPERATOR@FsbsbRscRsc
  415918 MAKEOPERATOR@Fsbsb
  4161F8 SETPOSITION@F16PAGEMANAGERCLASSlllll
  4162B0 SETCENTRE@F16PAGEMANAGERCLASSlUcUc
  416314 KILL@F16PAGEMANAGERCLASS
  416370 INIT@F16PAGEMANAGERCLASS17PRINTPREVIEWCLASSllRsb
  41648C HIGHLIGHT@F16PAGEMANAGERCLASSl
  41650C GETPROP@F16PAGEMANAGERCLASSll
  41656C EXISTS@F16PAGEMANAGERCLASSl
  416588 DRAW@F16PAGEMANAGERCLASSll
  416C88 DELETE@F16PAGEMANAGERCLASSl
  416CD0 DELETE@F16PAGEMANAGERCLASS
  416CF0 COORDCONTAINED@F16PAGEMANAGERCLASSll
  416E04 TAKEWINDOWEVENT@F13REPORTMANAGER
  417024 TAKERECORD@F13REPORTMANAGER
  417144 TAKENORECORDS@F13REPORTMANAGER
  417154 TAKECLOSEEVENT@F13REPORTMANAGER
  417354 TAKEACCEPTED@F13REPORTMANAGER
  417384 SETDYNAMICCONTROLSATTRIBUTES@F13REPORTMANAGER
  417388 SETSTATICCONTROLSATTRIBUTES@F13REPORTMANAGER
  41738C PROCESSRESULTFILES@F13REPORTMANAGER15OUTPUTFILEQUEUE
  417390 OPENREPORT@F13REPORTMANAGER
  4174D4 OPEN@F13REPORTMANAGER
  417544 KILL@F13REPORTMANAGER
  417648 INIT@F13REPORTMANAGER12PROCESSCLASSBr17PRINTPREVIEWCLASS
  417780 NEXT@F13REPORTMANAGER
  4177FC CANCELPRINTREPORT@F13REPORTMANAGER
  417838 PRINTREPORT@F13REPORTMANAGER
  417ABC ENDREPORT@F13REPORTMANAGER
  417AF4 GETTOTALPAGES@F13REPORTMANAGER
  417B00 FETCHPAGE@F13REPORTMANAGERl
  417B50 ASKPREVIEW@F13REPORTMANAGER
  417C18 ASK@F13REPORTMANAGER
  417C6C GETOPENOUTPUTWHENFINISH@F13REPORTMANAGER
  417C74 SETOPENOUTPUTWHENFINISH@F13REPORTMANAGERUc
  417C7C GETUSEMRP@F13REPORTMANAGER
  417C84 SETUSEMRP@F13REPORTMANAGERUc
  417C8C TAKECURRENTPAGE@F17PRINTPREVIEWCLASS
  417E6C TAKEFIELDEVENT@F17PRINTPREVIEWCLASS
  417EC4 TAKEWINDOWEVENT@F17PRINTPREVIEWCLASS
  417EE0 TAKEEVENT@F17PRINTPREVIEWCLASS
  418574 TAKEACCEPTED@F17PRINTPREVIEWCLASS
  418A30 SYNCIMAGEQUEUE@F17PRINTPREVIEWCLASS
  418A70 SETINIMANAGER@F17PRINTPREVIEWCLASS8INICLASS
  418A78 SETDEFAULTPAGES@F17PRINTPREVIEWCLASS
  418AC0 RESETUSERZOOM@F17PRINTPREVIEWCLASS
  418B64 PROCESSRESULTFILES@F17PRINTPREVIEWCLASS15OUTPUTFILEQUEUE
  418B68 PARSEIMAGES@F17PRINTPREVIEWCLASSl
  418C14 ONPROCESSFILES@F17PRINTPREVIEWCLASS
  418C54 ONSAVEAS@F17PRINTPREVIEWCLASS
  418CA4 OPEN@F17PRINTPREVIEWCLASS
  418FFC NEWZOOM@F17PRINTPREVIEWCLASS
  419018 KILL@F17PRINTPREVIEWCLASS
  4190B8 INPAGELIST@F17PRINTPREVIEWCLASSl
  4192C4 INITWINDOWPOSITION@F17PRINTPREVIEWCLASSBw
  4193EC INIT@F17PRINTPREVIEWCLASS12PREVIEWQUEUE25REPORTTARGETSELECTORCLASS17WMFDOCUMENTPARSER
  419404 INIT@F17PRINTPREVIEWCLASS12PREVIEWQUEUE
  41960C DRAWPAGE@F17PRINTPREVIEWCLASS
  4196B4 DISPLAY@F17PRINTPREVIEWCLASSslUsUs
  4199D8 DELETEIMAGEQUEUE@F17PRINTPREVIEWCLASSl
  419A30 CONFIGMENUCHECKS@F17PRINTPREVIEWCLASS
  419AB8 ASKTHUMBNAILS@F17PRINTPREVIEWCLASS
  419BB4 ASKPRINTPAGES@F17PRINTPREVIEWCLASS
  419D78 ASKPAGE@F17PRINTPREVIEWCLASS
  419EB0 CHILDPROCESSINGEND@F12PROCESSCLASSUs
  419EB8 CHILDPROCESSINGSTART@F12PROCESSCLASSUs
  419EEC UPDATEDISPLAY@F12PROCESSCLASS
  419F68 TAKERECORD@F12PROCESSCLASS
  419F6C TAKELOCATE@F12PROCESSCLASS
  419F9C TAKEACCEPTED@F12PROCESSCLASS
  419FA0 SETPROGRESSLIMITS@F12PROCESSCLASSsbsb
  41A078 SETPROGRESSLIMITS@F12PROCESSCLASS
  41A148 RESET@F12PROCESSCLASS
  41A1D4 NEXT@F12PROCESSCLASSUc
  41A468 KILL@F12PROCESSCLASS
  41A4C0 INIT@F12PROCESSCLASSBi15RELATIONMANAGERlPUc9STEPCLASSRu
  41A508 INIT@F12PROCESSCLASSBi15RELATIONMANAGERlPUcl
  41A5B8 TAKERESIZE@F17WINDOWRESIZECLASS
  41A5C0 KILL@F17WINDOWRESIZECLASS
  41A64C INIT@F22REPORTATTRIBUTEMANAGERBr
  41A650 DESTRUCT@F22REPORTATTRIBUTEMANAGER
  41A670 CONSTRUCT@F22REPORTATTRIBUTEMANAGER
  41ACC4 DESTRUCT@F25REPORTTARGETSELECTORCLASS
  41ACE4 CONSTRUCT@F25REPORTTARGETSELECTORCLASS
  41AD04 GETREPORTDEFAULT@F25REPORTTARGETSELECTORCLASS
  41AD44 GETREPORTSELECTED@F25REPORTTARGETSELECTORCLASS
  41ADA8 GETDEFAULTITEMINDEX@F25REPORTTARGETSELECTORCLASS
  41ADAC GETSELECTEDITEMINDEX@F25REPORTTARGETSELECTORCLASS
  41ADB0 SETDEFAULTOUTPUTGENERATOR@F25REPORTTARGETSELECTORCLASSsb
  41ADF4 GETOUTPUTGENERATORINDEX@F25REPORTTARGETSELECTORCLASSsb
  41AED4 SETSELECTEDOUTPUTGENERATOR@F25REPORTTARGETSELECTORCLASSsb
  41AF88 GETOUTPUTGENERATOR@F25REPORTTARGETSELECTORCLASSsb
  41AFE0 GETOUTPUTGENERATORNAME@F25REPORTTARGETSELECTORCLASSsUc
  41B05C FILLQUEUE@F25REPORTTARGETSELECTORCLASSBqUc
  41B128 GETPRINTSELECTED@F25REPORTTARGETSELECTORCLASS
  41B138 ITEM@F25REPORTTARGETSELECTORCLASSsUc
  41B228 ITEMS@F25REPORTTARGETSELECTORCLASSUc
  41B288 ASK@F25REPORTTARGETSELECTORCLASSUcUc
  41B520 ADDITEM@F25REPORTTARGETSELECTORCLASS22IOUTPUTGENERATORTARGETUc
  41B5D4 TAKEEVENT@F12TOOLBARCLASSPl13WINDOWMANAGER
  41B600 SETTARGET@F12TOOLBARCLASSl
  41B6A8 KILL@F12TOOLBARCLASS
  41B6C0 INIT@F12TOOLBARCLASS
  41B6E0 DISPLAYBUTTONS@F12TOOLBARCLASS
  41B708 ADDTARGET@F12TOOLBARCLASS13TOOLBARTARGETl
  41B73C TRYTAKETOOLBAR@F18TOOLBARUPDATECLASS
  41B748 TAKEEVENT@F18TOOLBARUPDATECLASSPl13WINDOWMANAGER
  41B784 TAKETOOLBAR@F18TOOLBARUPDATECLASS
  41B7CC DISPLAYBUTTONS@F18TOOLBARUPDATECLASS
  41B88C TRYTAKETOOLBAR@F19TOOLBARLISTBOXCLASS
  41B8E0 TAKEEVENT@F19TOOLBARLISTBOXCLASSPl13WINDOWMANAGER
  41BA28 TAKETOOLBAR@F19TOOLBARLISTBOXCLASS
  41BA4C DISPLAYBUTTONS@F19TOOLBARLISTBOXCLASS
  41BA78 TAKEEVENT@F13TOOLBARTARGETPl13WINDOWMANAGER
  41BAF8 DISPLAYBUTTONS@F13TOOLBARTARGET
  41BCDC SETTIPS@Fsb
  41CA2C SETUP@F13CALENDARCLASS
  41CA30 ASK@F13CALENDARCLASSsbl
  41CB08 ISHOLIDAY@F17CALENDARBASECLASSUcUcsUc
  41CB10 ASK@F17CALENDARBASECLASSsbl
  41D628 UPDATEQUEUE@F8INICLASSsbsbBqRuPuPuPu
  41D84C UPDATE@F8INICLASSsbsbsb
  41D908 UPDATE@F8INICLASSsbBw
  41DAE8 UPDATE@F8INICLASS
  41DAEC TRYFETCH@F8INICLASSsbsb
  41DB64 REMOVE@F8INICLASSsbsb
  41DCCC KILL@F8INICLASS
  41DE04 INIT@F8INICLASSsbll
  41DF1C GETSECTORS@F8INICLASSOsbOsbOsb11SECTORQUEUE
  41E12C GETSECTOR@F8INICLASSsbsbsb
  41E21C GETFAMILY@F8INICLASSsbRscRscRsc
  41E3A0 FETCHQUEUE@F8INICLASSsbsbBqRuPuPuPu
  41E614 FETCHFIELD@F8INICLASSsbsbUc
  41E754 FETCH@F8INICLASSsbsbRu
  41E818 FETCH@F8INICLASSsbBw
  41EA78 FETCH@F8INICLASSsbsb
  41EB50 FETCH@F8INICLASS
  41EB54 ADDSECTOR@F8INICLASSsb
  41EC34 UPDATEWINDOWINFO@F8INICLASSsb10WINDOWINFO
  41EEA0 FETCHWINDOWINFO@F8INICLASSsb10WINDOWINFO
  41F118 UPDATE@F8INICLASSsbsbsbsb
  41F304 FETCH@F8INICLASSsbsbsbsb
  41F528 DESTRUCT@F8INICLASS
  41F544 CONSTRUCT@F8INICLASS
  41F558 KILL@F18BUFFEREDPAIRSCLASS
  41F5D4 INIT@F18BUFFEREDPAIRSCLASS
  41F5F4 EQUALRIGHTBUFFER@F18BUFFEREDPAIRSCLASSUc
  41F684 EQUALLEFTBUFFER@F18BUFFEREDPAIRSCLASSUc
  41F710 EQUALRIGHTBUFFER@F18BUFFEREDPAIRSCLASS
  41F71C EQUALLEFTBUFFER@F18BUFFEREDPAIRSCLASS
  41F728 ASSIGNRIGHTTOBUFFER@F18BUFFEREDPAIRSCLASS
  41F770 ASSIGNLEFTTOBUFFER@F18BUFFEREDPAIRSCLASS
  41F7B4 ASSIGNBUFFERTORIGHT@F18BUFFEREDPAIRSCLASS
  41F7FC ASSIGNBUFFERTOLEFT@F18BUFFEREDPAIRSCLASS
  41F840 ADDPAIR@F18BUFFEREDPAIRSCLASSRuRu
  41F8E0 INIT@F15FIELDPAIRSCLASS
  41F8FC KILL@F15FIELDPAIRSCLASS
  41F960 EQUALLEFTRIGHT@F15FIELDPAIRSCLASS
  41F9B0 EQUAL@F15FIELDPAIRSCLASS
  41F9B8 CLEARRIGHT@F15FIELDPAIRSCLASS
  41F9F4 CLEARLEFT@F15FIELDPAIRSCLASS
  41FA2C ASSIGNRIGHTTOLEFT@F15FIELDPAIRSCLASS
  41FA70 ASSIGNLEFTTORIGHT@F15FIELDPAIRSCLASS
  41FAB4 ADDITEM@F15FIELDPAIRSCLASSRu
  41FAF8 ADDPAIR@F15FIELDPAIRSCLASSRuRu
  41FB3C NEXT@F13CONSTANTCLASS
  41FCF8 SET@F13CONSTANTCLASSRsb
  41FD4C RESET@F13CONSTANTCLASS
  41FD9C KILL@F13CONSTANTCLASS
  41FDFC INIT@F13CONSTANTCLASSUc
  41FE40 GETCSTRING@F13CONSTANTCLASS
  41FEC0 GETPSTRING@F13CONSTANTCLASS
  41FF4C GETLONG@F13CONSTANTCLASS
  41FF70 GETUSHORT@F13CONSTANTCLASS
  41FF98 GETSHORT@F13CONSTANTCLASS
  41FFA0 GETBYTE@F13CONSTANTCLASS
  41FFB4 ADDITEM@F13CONSTANTCLASSUcRu
  41FFF0 CONSTRUCT@F13CONSTANTCLASS
  420008 REMOVEDOLLAR@Fsb
  4200DC ADDDOLLAR@Fsb
  420260 SAVEONINSERTACTION@F13WINDOWMANAGER
  420304 SAVEONCHANGEACTION@F13WINDOWMANAGER
  42041C DELETEACTION@F13WINDOWMANAGER
  4205D8 CHANGEACTION@F13WINDOWMANAGER
  420948 INSERTACTION@F13WINDOWMANAGER
  420B38 TAKEDISABLEBUTTON@F13WINDOWMANAGERlUc
  420B60 UPDATE@F13WINDOWMANAGER
  420B9C TAKEWINDOWEVENT@F13WINDOWMANAGER
  420DC4 TAKESELECTED@F13WINDOWMANAGER
  420DC8 TAKEREJECTED@F13WINDOWMANAGER
  420E04 TAKENOTIFY@F13WINDOWMANAGERlll
  420E08 TAKENEWSELECTION@F13WINDOWMANAGER
  420E88 TAKEFIELDEVENT@F13WINDOWMANAGER
  420E8C TAKEEVENT@F13WINDOWMANAGER
  421040 TAKECLOSEEVENT@F13WINDOWMANAGER
  4211E4 TAKECOMPLETED@F13WINDOWMANAGER
  4212BC TAKEACCEPTED@F13WINDOWMANAGER
  4213A8 SETRESPONSE@F13WINDOWMANAGERUc
  4213F4 SETALERTS@F13WINDOWMANAGER
  4214A4 SAVEHISTORY@F13WINDOWMANAGER
  42154C RUN@F13WINDOWMANAGERUsUc
  421550 RUN@F13WINDOWMANAGER
  42159C RESTOREFIELD@F13WINDOWMANAGERl
  421670 RESETBUFFERS@F13WINDOWMANAGERUc
  4216D4 RESET@F13WINDOWMANAGERUc
  42175C PRIMEUPDATE@F13WINDOWMANAGER
  4218A0 PRIMEFIELDS@F13WINDOWMANAGER
  4218A4 POSTCOMPLETED@F13WINDOWMANAGER
  42193C OPEN@F13WINDOWMANAGERBwBw
  421984 OPEN@F13WINDOWMANAGER
  4219C8 MODALEVENT@F13WINDOWMANAGER
  421AAC KILL@F13WINDOWMANAGER
  421C00 INIT@F13WINDOWMANAGER
  421C7C REMOVEITEM@F13WINDOWMANAGER15WINDOWCOMPONENT
  421CB4 ASK@F13WINDOWMANAGER
  421D18 ADDUPDATEFILE@F13WINDOWMANAGER11FILEMANAGER
  421D58 ADDITEM@F13WINDOWMANAGER15WINDOWCOMPONENT
  421D84 ADDITEM@F13WINDOWMANAGER18TOOLBARUPDATECLASS
  421DDC ADDITEM@F13WINDOWMANAGER12TOOLBARCLASS
  421DF0 ADDITEM@F13WINDOWMANAGERlUc
  421E14 ADDITEM@F13WINDOWMANAGER11BROWSECLASS
  421E3C ADDHISTORYFILE@F13WINDOWMANAGERRgRg
  421E94 ADDHISTORYFIELD@F13WINDOWMANAGERll
  421EBC DISABLECANCELCONTROLS@F13WINDOWMANAGER
  421F14 ENABLECANCELCONTROLS@F13WINDOWMANAGER
  422140 PROCESSDOCUMENT@F17WMFDOCUMENTPARSER
  4221F0 OPENDOCUMENT@F17WMFDOCUMENTPARSER
  42225C CLOSEDOCUMENT@F17WMFDOCUMENTPARSER
  42229C INIT@F17WMFDOCUMENTPARSER12PREVIEWQUEUE16IREPORTGENERATOR10ERRORCLASS
  422334 GENERATEREPORT@F17WMFDOCUMENTPARSERUc
  4226D0 TAKERECORD@F9WMFPARSER
  426F54 PROCESSFILE@F9WMFPARSER
  426F74 PROCESSHEADER@F9WMFPARSER
  427148 ADDOBJECT@F9WMFPARSERUc
  4271E8 CLOSEFILE@F9WMFPARSER
  427228 RUN@F9WMFPARSER
  427230 OPENFILE@F9WMFPARSER
  4272F4 KILL@F9WMFPARSER
  42735C INIT@F9WMFPARSERsb16IREPORTGENERATOR10ERRORCLASS
  427428 GETBOXBOTTOM@F9WMFPARSER
  427430 GETBOXRIGHT@F9WMFPARSER
  427438 GETBOXTOP@F9WMFPARSER
  427440 GETBOXLEFT@F9WMFPARSER
  427448 DESTRUCT@F9WMFPARSER
  42752C CONSTRUCT@F9WMFPARSER
  427654 GETIFACE@F15CRITICALSECTION
  427658 DESTRUCT@F15CRITICALSECTION
  42766C CONSTRUCT@F15CRITICALSECTION
  427680 KILL@F17CRITICALPROCEDURE
  4276A4 INIT@F17CRITICALPROCEDURE11ISYNCOBJECT
  4276C4 DESTRUCT@F17CRITICALPROCEDURE
  4276CC CONSTRUCT@F17CRITICALPROCEDURE
  4280DC __thr_inst0
  4280EC __thr_init_entry
  42810C __thr_init_exit
  42BB10 NARUDZBENICA001$PREGLEDNACINAOTPREME@F
  42BD04 NARUDZBENICA001$PREGLEDROKOVAISPORUKE@F
  42BE90 NARUDZBENICA001$PREGLEDJEDINICAMJERE@F
  42C01C NARUDZBENICA001$PREGLEDDJELATNIKA@F
  42C234 NARUDZBENICA001$PREGLEDROBE@F
  42C3C0 NARUDZBENICA001$PREGLEDMJESTA@F
  42C5B4 NARUDZBENICA001$PREGLEDFIRMI@F
  42C844 NARUDZBENICA001$PREGLEDNARUDZBENICA@F
  42CAD4 NARUDZBENICA001$SPLASHSCREEN@F
  42CB68 MAIN@F
  430634 NARUDZBENICA002$AZURIRANJEROKOVAISPORUKE@F
  4307A8 NARUDZBENICA002$AZURIRANJEROBE@F
  430934 NARUDZBENICA002$AZURIRANJEPLACANJA@F
  430AA8 NARUDZBENICA002$AZURIRANJENARUDZBENICA@F
  430D84 NARUDZBENICA002$AZURIRANJENACINAOTPREME@F
  430EF8 NARUDZBENICA002$AZURIRANJEMJESTA@F
  43106C NARUDZBENICA002$AZURIRANJEJEDINICAMJERE@F
  4311E0 NARUDZBENICA002$AZURIRANJEFIRMI@F
  43136C NARUDZBENICA002$AZURIRANJEDJELATNIKA@F
  4314E0 NARUDZBENICA002$PREGLEDPLACANJA@F
  434000 NARUDZBENICA003$ISPISJEDINICAMJERE@F
  4341C0 NARUDZBENICA003$ISPISDJELATNIKA@F
  434380 NARUDZBENICA003$ISPISROBE@F
  43455C NARUDZBENICA003$ISPISMJESTA@F
  43471C NARUDZBENICA003$ISPISFIRMI@F
  4348F8 NARUDZBENICA003$ISPISNARUDZBENICA@F
  434B48 NARUDZBENICA003$AZURIRANJESTAVKI@F
  434CD0 NARUDZBENICA003$AZURIRANJEULOGE@F
  434E44 NARUDZBENICA003$AZURIRANJEPOTPISA@F
  435E58 NARUDZBENICA004$GUMBISPISNARUDZBENICA@F
  4360DC NARUDZBENICA004$ISPISPLACANJA@F
  43629C NARUDZBENICA004$ISPISNACINAOTPREME@F
  43645C NARUDZBENICA004$ISPISROKOVAISPORUKE@F
  436E64 KILL@F21HIDE:RELATE:POTPISUJE
  436EAC DEFEREDADDRELATIONS@F21HIDE:RELATE:POTPISUJE
  436ECC INIT@F21HIDE:RELATE:POTPISUJE
  436F04 VALIDATEFIELDSERVER@F21HIDE:ACCESS:POTPISUJElUc
  436FF8 USEFILE@F21HIDE:ACCESS:POTPISUJEUc
  4370C4 KILL@F21HIDE:ACCESS:POTPISUJE
  4370E4 INIT@F21HIDE:ACCESS:POTPISUJE
  437164 KILL@F18HIDE:RELATE:STAVKE
  4371AC DEFEREDADDRELATIONS@F18HIDE:RELATE:STAVKE
  4371CC INIT@F18HIDE:RELATE:STAVKE
  437204 VALIDATEFIELDSERVER@F18HIDE:ACCESS:STAVKElUc
  4372F8 USEFILE@F18HIDE:ACCESS:STAVKEUc
  4373C4 KILL@F18HIDE:ACCESS:STAVKE
  4373E4 INIT@F18HIDE:ACCESS:STAVKE
  437464 KILL@F17HIDE:RELATE:ULOGA
  4374AC DEFEREDADDRELATIONS@F17HIDE:RELATE:ULOGA
  4374CC INIT@F17HIDE:RELATE:ULOGA
  437504 VALIDATEFIELDSERVER@F17HIDE:ACCESS:ULOGAlUc
  4375F8 USEFILE@F17HIDE:ACCESS:ULOGAUc
  4376C4 KILL@F17HIDE:ACCESS:ULOGA
  4376E4 INIT@F17HIDE:ACCESS:ULOGA
  437764 KILL@F26HIDE:RELATE:JEDINICA_MJERE
  4377AC DEFEREDADDRELATIONS@F26HIDE:RELATE:JEDINICA_MJERE
  4377CC INIT@F26HIDE:RELATE:JEDINICA_MJERE
  437804 USEFILE@F26HIDE:ACCESS:JEDINICA_MJEREUc
  4378A8 KILL@F26HIDE:ACCESS:JEDINICA_MJERE
  4378C8 INIT@F26HIDE:ACCESS:JEDINICA_MJERE
  437948 KILL@F16HIDE:RELATE:ROBA
  437990 DEFEREDADDRELATIONS@F16HIDE:RELATE:ROBA
  4379B0 INIT@F16HIDE:RELATE:ROBA
  4379E8 VALIDATEFIELDSERVER@F16HIDE:ACCESS:ROBAlUc
  437ADC USEFILE@F16HIDE:ACCESS:ROBAUc
  437BA8 KILL@F16HIDE:ACCESS:ROBA
  437BC8 INIT@F16HIDE:ACCESS:ROBA
  437C48 KILL@F21HIDE:RELATE:DJELATNIK
  437C90 DEFEREDADDRELATIONS@F21HIDE:RELATE:DJELATNIK
  437CB0 INIT@F21HIDE:RELATE:DJELATNIK
  437CE8 USEFILE@F21HIDE:ACCESS:DJELATNIKUc
  437DE4 KILL@F21HIDE:ACCESS:DJELATNIK
  437E04 INIT@F21HIDE:ACCESS:DJELATNIK
  437E84 KILL@F20HIDE:RELATE:PLACANJE
  437ECC DEFEREDADDRELATIONS@F20HIDE:RELATE:PLACANJE
  437EEC INIT@F20HIDE:RELATE:PLACANJE
  437F24 USEFILE@F20HIDE:ACCESS:PLACANJEUc
  437FC8 KILL@F20HIDE:ACCESS:PLACANJE
  437FE8 INIT@F20HIDE:ACCESS:PLACANJE
  438068 KILL@F25HIDE:RELATE:NACIN_OTPREME
  4380B0 DEFEREDADDRELATIONS@F25HIDE:RELATE:NACIN_OTPREME
  4380D0 INIT@F25HIDE:RELATE:NACIN_OTPREME
  438108 USEFILE@F25HIDE:ACCESS:NACIN_OTPREMEUc
  4381AC KILL@F25HIDE:ACCESS:NACIN_OTPREME
  4381CC INIT@F25HIDE:ACCESS:NACIN_OTPREME
  43824C KILL@F24HIDE:RELATE:ROK_ISPORUKE
  438294 DEFEREDADDRELATIONS@F24HIDE:RELATE:ROK_ISPORUKE
  4382B4 INIT@F24HIDE:RELATE:ROK_ISPORUKE
  4382EC USEFILE@F24HIDE:ACCESS:ROK_ISPORUKEUc
  438390 KILL@F24HIDE:ACCESS:ROK_ISPORUKE
  4383B0 INIT@F24HIDE:ACCESS:ROK_ISPORUKE
  438430 KILL@F18HIDE:RELATE:MJESTO
  438478 DEFEREDADDRELATIONS@F18HIDE:RELATE:MJESTO
  438498 INIT@F18HIDE:RELATE:MJESTO
  4384D0 USEFILE@F18HIDE:ACCESS:MJESTOUc
  438574 KILL@F18HIDE:ACCESS:MJESTO
  438594 INIT@F18HIDE:ACCESS:MJESTO
  438614 KILL@F17HIDE:RELATE:FIRMA
  43865C DEFEREDADDRELATIONS@F17HIDE:RELATE:FIRMA
  43867C INIT@F17HIDE:RELATE:FIRMA
  4386B4 VALIDATEFIELDSERVER@F17HIDE:ACCESS:FIRMAlUc
  4387A8 USEFILE@F17HIDE:ACCESS:FIRMAUc
  438874 KILL@F17HIDE:ACCESS:FIRMA
  438894 INIT@F17HIDE:ACCESS:FIRMA
  438914 KILL@F24HIDE:RELATE:NARUDZBENICA
  43895C DEFEREDADDRELATIONS@F24HIDE:RELATE:NARUDZBENICA
  43897C INIT@F24HIDE:RELATE:NARUDZBENICA
  4389B4 VALIDATEFIELDSERVER@F24HIDE:ACCESS:NARUDZBENICAlUc
  438C24 USEFILE@F24HIDE:ACCESS:NARUDZBENICAUc
  438D50 KILL@F24HIDE:ACCESS:NARUDZBENICA
  438D70 INIT@F24HIDE:ACCESS:NARUDZBENICA
  438DF0 NARUDZBENICA_BC0$NARUDZBENICA_BC0:FILESINIT@F
  438F08 NARUDZBENICA_BC0$NARUDZBENICA_BC0:DCTKILL@F
  439104 NARUDZBENICA_BC0$NARUDZBENICA_BC0:DCTINIT@F
  4396A0 DCTKILL@F
  4396A8 DCTINIT@F
  4396B4 _main
  43974C DESTRUCT@F10DICTIONARY
  439754 CONSTRUCT@F10DICTIONARY
  43A000 $DEFAULTERRORS
  43B404 $OVERRIDECHARACTERS
  43B424 $SCROLL:NAME
  43B550 $SCROLL:ALPHA
  43B618 TYPE$BROWSECLASS
  43BA00 TYPE$BROWSEEIPMANAGER
  43BCD4 VMT$BROWSEEIPMANAGER
  43BD78 VMT$BROWSECLASS
  43BF4C TYPE$STANDARDBEHAVIOR
  43BF88 VMT$STANDARDBEHAVIOR
  43BFD8 TYPE$STEPLOCATORCLASS
  43C028 VMT$STEPLOCATORCLASS
  43C064 TYPE$STEPSTRINGCLASS
  43C0B4 VMT$STEPSTRINGCLASS
  43C0F8 TYPE$COLORMAP
  43C124 TCB$COLORMAP
  43C134 TYPE$EDITENTRYCLASS
  43C17C VMT$EDITENTRYCLASS
  43C31C STDERRORFILE$TYPE$RECORD
  43C334 $STDERRORFILE
  43C3B0 TYPE$PNQ
  43C3D0 TYPE$DEFAULTERRORS
  43C650 TYPE$HISTHANDLERCLASS
  43C698 VMT$HISTHANDLERCLASS
  43C6C8 TYPE$MSGBOXCLASS
  43C940 VMT$MSGBOXCLASS
  43C9C8 TYPE$ERRORCLASS
  43CC24 VMT$ERRORCLASS
  43CC70 TYPE$STANDARDERRORLOGCLASS
  43CCA8 VMT$STANDARDERRORLOGCLASS
  43CCC0 TYPE$ERRORSTATUSCLASS
  43CDB4 VMT$ERRORSTATUSCLASS
  43CE90 TYPE$UNTHREADEDFILEOPENERMAP
  43CEB4 TCB$UNTHREADEDFILEOPENERMAP
  43CEC4 TYPE$FILESMANAGER
  43CF08 VMT$FILESMANAGER
  43CF14 TYPE$FILEMAPPING_T
  43CF40 TYPE$FILEMAPPING_R
  43CF70 TYPE$STATUSQ_T
  43CFD8 TYPE$UNTHREADEDFILEOPENSERVER
  43D034 VMT$UNTHREADEDFILEOPENSERVER
  43D058 TYPE$THREADEDFILEOPENSERVER
  43D098 VMT$THREADEDFILEOPENSERVER
  43D2A0 TYPE$FUZZYCLASS
  43D348 VMT$FUZZYCLASS
  43D384 TYPE$POPUPITEMQUEUE
  43D3F4 TYPE$POPUPCLASS
  43D4A0 VMT$POPUPCLASS
  43D58C TYPE$FIELDQUEUE
  43D778 TYPE$PAGEMANAGERCLASS
  43D830 VMT$PAGEMANAGERCLASS
  43D83C TYPE$ZOOMITEMQUEUE
  43D874 $ZOOMPRESETS
  43D968 TYPE$PRINTPREVIEWCLASS
  43DFD0 VMT$PRINTPREVIEWCLASS
  43E08C TYPE$REPORTATTRIBUTEMANAGER
  43E0A8 VMT$REPORTATTRIBUTEMANAGER
  43E150 TYPE$REPORTTARGETSELECTORCLASS
  43E1DC VMT$REPORTTARGETSELECTORCLASS
  43E270 TYPE$TOOLBARTARGETQUEUE
  43E28C $UPDATECHANGETIPS
  43E398 $UPDATEINSERTTIPS
  43E3D8 $LISTBOXTIPS
  43E494 TYPE$TOOLBARCLASS
  43E4AC VMT$TOOLBARCLASS
  43E4C4 TYPE$TOOLBARUPDATECLASS
  43E54C VMT$TOOLBARUPDATECLASS
  43E568 TYPE$TOOLBARLISTBOXCLASS
  43E5E4 VMT$TOOLBARLISTBOXCLASS
  43E6AC TYPE$CONSTDESCRIPTORLIST
  43E7D0 TYPE$CALENDARCLASS
  43E9C4 VMT$CALENDARCLASS
  43E9DC TYPE$CONSTANTCLASS
  43EA7C VMT$CONSTANTCLASS
  43EA88 TYPE$INICLASS
  43EAD0 VMT$INICLASS
  43EB5C TYPE$BUFFEREDPAIRSCLASS
  43EB80 VMT$BUFFEREDPAIRSCLASS
  43EBB8 TYPE$FIELDPAIRSCLASS
  43EBD0 VMT$FIELDPAIRSCLASS
  43EC00 TYPE$FILELIST
  43EC24 TYPE$HISTORYLIST
  43EC5C TYPE$BUTTONLIST
  43EC80 TYPE$COMPONENTLIST
  43EDA0 WMFINFILE$TYPE$WMFF@:RECORD
  43EDC0 TYPE$QUEUEDC
  43EE24 TYPE$QUEUEHOLES
  43EE38 TYPE$QUEUEBRUSH
  43EE64 TYPE$QUEUEPENS
  43EE90 TYPE$QUEUEFONTS
  43EED8 TYPE$QUEUEOBJECTS
  43EEF4 TYPE$WMFDOCUMENTPARSER
  43EF58 VMT$WMFDOCUMENTPARSER
  43EF64 TYPE$WMFPARSER
  43FA7C VMT$WMFPARSER
  43FA88 TYPE$POINTQUEUE
  43FAA4 TYPE$SLICEFORMATQUEUE
  43FB4C TYPE$TEXTFORMATQUEUE
  43FC04 TYPE$CRITICALSECTION
  43FC1C VMT$CRITICALSECTION
  43FC28 TYPE$CRITICALPROCEDURE
  43FC40 VMT$CRITICALPROCEDURE
  44C440 TYPE$HIDE:RELATE:POTPISUJE
  44C4E4 VMT$HIDE:RELATE:POTPISUJE
  44C520 TYPE$HIDE:ACCESS:POTPISUJE
  44C730 VMT$HIDE:ACCESS:POTPISUJE
  44C820 TYPE$HIDE:RELATE:STAVKE
  44C8C4 VMT$HIDE:RELATE:STAVKE
  44C900 TYPE$HIDE:ACCESS:STAVKE
  44CB10 VMT$HIDE:ACCESS:STAVKE
  44CC00 TYPE$HIDE:RELATE:ULOGA
  44CCA4 VMT$HIDE:RELATE:ULOGA
  44CCE0 TYPE$HIDE:ACCESS:ULOGA
  44CEF0 VMT$HIDE:ACCESS:ULOGA
  44CFE0 TYPE$HIDE:RELATE:JEDINICA_MJERE
  44D084 VMT$HIDE:RELATE:JEDINICA_MJERE
  44D0C0 TYPE$HIDE:ACCESS:JEDINICA_MJERE
  44D2D0 VMT$HIDE:ACCESS:JEDINICA_MJERE
  44D3C0 TYPE$HIDE:RELATE:ROBA
  44D464 VMT$HIDE:RELATE:ROBA
  44D4A0 TYPE$HIDE:ACCESS:ROBA
  44D6B0 VMT$HIDE:ACCESS:ROBA
  44D7A0 TYPE$HIDE:RELATE:DJELATNIK
  44D844 VMT$HIDE:RELATE:DJELATNIK
  44D880 TYPE$HIDE:ACCESS:DJELATNIK
  44DA90 VMT$HIDE:ACCESS:DJELATNIK
  44DB80 TYPE$HIDE:RELATE:PLACANJE
  44DC24 VMT$HIDE:RELATE:PLACANJE
  44DC60 TYPE$HIDE:ACCESS:PLACANJE
  44DE70 VMT$HIDE:ACCESS:PLACANJE
  44DF60 TYPE$HIDE:RELATE:NACIN_OTPREME
  44E004 VMT$HIDE:RELATE:NACIN_OTPREME
  44E040 TYPE$HIDE:ACCESS:NACIN_OTPREME
  44E250 VMT$HIDE:ACCESS:NACIN_OTPREME
  44E340 TYPE$HIDE:RELATE:ROK_ISPORUKE
  44E3E4 VMT$HIDE:RELATE:ROK_ISPORUKE
  44E420 TYPE$HIDE:ACCESS:ROK_ISPORUKE
  44E630 VMT$HIDE:ACCESS:ROK_ISPORUKE
  44E720 TYPE$HIDE:RELATE:MJESTO
  44E7C4 VMT$HIDE:RELATE:MJESTO
  44E800 TYPE$HIDE:ACCESS:MJESTO
  44EA10 VMT$HIDE:ACCESS:MJESTO
  44EB00 TYPE$HIDE:RELATE:FIRMA
  44EBA4 VMT$HIDE:RELATE:FIRMA
  44EBE0 TYPE$HIDE:ACCESS:FIRMA
  44EDF0 VMT$HIDE:ACCESS:FIRMA
  44EEE0 TYPE$HIDE:RELATE:NARUDZBENICA
  44EF84 VMT$HIDE:RELATE:NARUDZBENICA
  44EFC0 TYPE$HIDE:ACCESS:NARUDZBENICA
  44F1D0 VMT$HIDE:ACCESS:NARUDZBENICA
  44F4D8 TYPE$DICTIONARY
  44F4E8 VMT$DICTIONARY
  44F4F4 POTPISUJE$TYPE$POT:RECORD
  44F54C STAVKE$TYPE$STA:RECORD
  44F5C4 ULOGA$TYPE$ULO:RECORD
  44F634 JEDINICA_MJERE$TYPE$JED:RECORD
  44F680 ROBA$TYPE$ROB:RECORD
  44F6E8 DJELATNIK$TYPE$DJE:RECORD
  44F724 PLACANJE$TYPE$PLA:RECORD
  44F764 NACIN_OTPREME$TYPE$NAC:RECORD
  44F7B0 ROK_ISPORUKE$TYPE$ROK:RECORD
  44F7F8 MJESTO$TYPE$MJE:RECORD
  44F834 FIRMA$TYPE$FIR:RECORD
  44F8A4 NARUDZBENICA$TYPE$NAR:RECORD
  44FC20 VMTP$DICTIONARY
  44FDE0 VMTP$HIDE:RELATE:POTPISUJE
  44FDE8 VMTP$HIDE:ACCESS:POTPISUJE
  44FDF0 VMTP$HIDE:RELATE:STAVKE
  44FDF8 VMTP$HIDE:ACCESS:STAVKE
  44FE00 VMTP$HIDE:RELATE:ULOGA
  44FE08 VMTP$HIDE:ACCESS:ULOGA
  44FE10 VMTP$HIDE:RELATE:JEDINICA_MJERE
  44FE18 VMTP$HIDE:ACCESS:JEDINICA_MJERE
  44FE20 VMTP$HIDE:RELATE:ROBA
  44FE28 VMTP$HIDE:ACCESS:ROBA
  44FE30 VMTP$HIDE:RELATE:DJELATNIK
  44FE38 VMTP$HIDE:ACCESS:DJELATNIK
  44FE40 VMTP$HIDE:RELATE:PLACANJE
  44FE48 VMTP$HIDE:ACCESS:PLACANJE
  44FE50 VMTP$HIDE:RELATE:NACIN_OTPREME
  44FE58 VMTP$HIDE:ACCESS:NACIN_OTPREME
  44FE60 VMTP$HIDE:RELATE:ROK_ISPORUKE
  44FE68 VMTP$HIDE:ACCESS:ROK_ISPORUKE
  44FE70 VMTP$HIDE:RELATE:MJESTO
  44FE78 VMTP$HIDE:ACCESS:MJESTO
  44FE80 VMTP$HIDE:RELATE:FIRMA
  44FE88 VMTP$HIDE:ACCESS:FIRMA
  44FE90 VMTP$HIDE:RELATE:NARUDZBENICA
  44FE98 VMTP$HIDE:ACCESS:NARUDZBENICA
  44FEA0 VMTP$FILESMANAGER
  44FEA8 VMTP$UNTHREADEDFILEOPENSERVER
  44FEB0 VMTP$THREADEDFILEOPENSERVER
  44FEB8 VMTP$CALENDARCLASS
  44FEC0 VMTP$CONSTANTCLASS
  44FEC8 VMTP$INICLASS
  44FED0 VMTP$BUFFEREDPAIRSCLASS
  44FED8 VMTP$FIELDPAIRSCLASS
  44FEE0 VMTP$POPUPCLASS
  44FEE8 VMTP$TOOLBARCLASS
  44FEF0 VMTP$TOOLBARUPDATECLASS
  44FEF8 VMTP$TOOLBARLISTBOXCLASS
  44FF00 VMTP$EDITENTRYCLASS
  44FF08 VMTP$BROWSEEIPMANAGER
  44FF10 VMTP$BROWSECLASS
  44FF18 VMTP$STANDARDBEHAVIOR
  44FF20 VMTP$STEPLOCATORCLASS
  44FF28 VMTP$STEPSTRINGCLASS
  44FF30 VMTP$HISTHANDLERCLASS
  44FF38 VMTP$MSGBOXCLASS
  44FF40 VMTP$ERRORCLASS
  44FF48 VMTP$STANDARDERRORLOGCLASS
  44FF50 VMTP$ERRORSTATUSCLASS
  44FF58 VMTP$FUZZYCLASS
  44FF60 VMTP$WMFDOCUMENTPARSER
  44FF68 VMTP$WMFPARSER
  44FF70 VMTP$REPORTATTRIBUTEMANAGER
  44FF78 VMTP$REPORTTARGETSELECTORCLASS
  44FF80 VMTP$PAGEMANAGERCLASS
  44FF88 VMTP$PRINTPREVIEWCLASS
  44FF90 VMTP$CRITICALSECTION
  44FF98 VMTP$CRITICALPROCEDURE
  44FFA0 $FUZZYMATCHER
  4515C4 $COLORMAP
  4515FC $MULTIWINDOW
  451600 $TXTWINDOW
  451604 $WINDOW
  451608 STDERRORFILE$RECORD
  451A08 $UNTHREADEDFILEOPENERMAP
  451A10 $CREATEOPENERCRIT
  451B20 KEYS$WMFINFILE
  451B54 $INIMGR
  451C6C MEMOS$ULOGA
  452008 POTPISUJE$POT:PK_POTPISUJE
  45202C POTPISUJE$POT:VK_OIB
  452050 KEYS$POTPISUJE
  452058 $POTPISUJE
  4520AC STAVKE$STA:PK_STAVKE
  4520D0 STAVKE$STA:VK_SIFRAROBE
  4520F4 KEYS$STAVKE
  4520FC $STAVKE
  452150 ULOGA$ULO:PK_ULOGA
  452174 ULOGA$ULO:RK_ULOGA
  452198 KEYS$ULOGA
  4521A0 $ULOGA
  4521F4 JEDINICA_MJERE$JED:PK_SIFRAJEDINICEMJERE
  452218 KEYS$JEDINICA_MJERE
  45221C $JEDINICA_MJERE
  452270 ROBA$ROB:VK_SIFRAJEDINICEMJERE
  452294 ROBA$ROB:PK_SIFRAROBE
  4522B8 KEYS$ROBA
  4522C0 $ROBA
  452314 DJELATNIK$DJE:SK_OIB
  452338 DJELATNIK$DJE:SK_IME
  45235C DJELATNIK$DJE:PK_OIB
  452380 KEYS$DJELATNIK
  45238C $DJELATNIK
  4523E0 PLACANJE$PLA:PK_SIFRAPLACANJA
  452404 KEYS$PLACANJE
  452408 $PLACANJE
  45245C NACIN_OTPREME$NAC:PK_SIFRANACINAOTPREME
  452480 KEYS$NACIN_OTPREME
  452484 $NACIN_OTPREME
  4524D8 ROK_ISPORUKE$ROK:PK_SIFRAROKAISPORUKE
  4524FC KEYS$ROK_ISPORUKE
  452500 $ROK_ISPORUKE
  452554 MJESTO$MJE:PK_POSTANSKIBROJ
  452578 KEYS$MJESTO
  45257C $MJESTO
  4525D0 FIRMA$FIR:VK_POSTANSKIBROJ
  4525F4 FIRMA$FIR:PK_MATICNIBROJFIRME
  452618 KEYS$FIRMA
  452620 $FIRMA
  452674 NARUDZBENICA$NAR:PK_BROJNARUDZBENICE
  452698 NARUDZBENICA$NAR:VK_SIFRAROKAISPORUKE
  4526BC NARUDZBENICA$NAR:VK_SIFRANACINAOTPREME
  4526E0 NARUDZBENICA$NAR:VK_SIFRAPLACANJA
  452704 KEYS$NARUDZBENICA
  452714 $NARUDZBENICA
  452B2C $EPOC
  452B84 $WMFINFILE
  452C80 $GLOBALERRORSTATUS
  453FA4 $GLOBALREQUEST
  453FA8 $GLOBALRESPONSE
  453FAC $VCRREQUEST
  453FB0 $DICTIONARY
  453FB4 POTPISUJE$POT:RECORD
  453FCC STAVKE$STA:RECORD
  453FE0 ULOGA$ULO:RECORD
  454000 JEDINICA_MJERE$JED:RECORD
  45401C ROBA$ROB:RECORD
  45404C DJELATNIK$DJE:RECORD
  45406C PLACANJE$PLA:RECORD
  454088 NACIN_OTPREME$NAC:RECORD
  4540A4 ROK_ISPORUKE$ROK:RECORD
  4540B0 MJESTO$MJE:RECORD
  4540D4 FIRMA$FIR:RECORD
  454120 NARUDZBENICA$NAR:RECORD
  454140 $RELATE:POTPISUJE
  454144 $ACCESS:POTPISUJE
  454148 $RELATE:STAVKE
  45414C $ACCESS:STAVKE
  454150 $RELATE:ULOGA
  454154 $ACCESS:ULOGA
  454158 $RELATE:JEDINICA_MJERE
  45415C $ACCESS:JEDINICA_MJERE
  454160 $RELATE:ROBA
  454164 $ACCESS:ROBA
  454168 $RELATE:DJELATNIK
  45416C $ACCESS:DJELATNIK
  454170 $RELATE:PLACANJE
  454174 $ACCESS:PLACANJE
  454178 $RELATE:NACIN_OTPREME
  45417C $ACCESS:NACIN_OTPREME
  454180 $RELATE:ROK_ISPORUKE
  454184 $ACCESS:ROK_ISPORUKE
  454188 $RELATE:MJESTO
  45418C $ACCESS:MJESTO
  454190 $RELATE:FIRMA
  454194 $ACCESS:FIRMA
  454198 $RELATE:NARUDZBENICA
  45419C $ACCESS:NARUDZBENICA
  454400 NARUDZBENICA_BC0$_HIDE:RELATE:POTPISUJE
  454404 NARUDZBENICA_BC0$_HIDE:ACCESS:POTPISUJE
  454408 NARUDZBENICA_BC0$_HIDE:RELATE:STAVKE
  45440C NARUDZBENICA_BC0$_HIDE:ACCESS:STAVKE
  454410 NARUDZBENICA_BC0$_HIDE:RELATE:ULOGA
  454414 NARUDZBENICA_BC0$_HIDE:ACCESS:ULOGA
  454418 NARUDZBENICA_BC0$_HIDE:RELATE:JEDINICA_MJERE
  45441C NARUDZBENICA_BC0$_HIDE:ACCESS:JEDINICA_MJERE
  454420 NARUDZBENICA_BC0$_HIDE:RELATE:ROBA
  454424 NARUDZBENICA_BC0$_HIDE:ACCESS:ROBA
  454428 NARUDZBENICA_BC0$_HIDE:RELATE:DJELATNIK
  45442C NARUDZBENICA_BC0$_HIDE:ACCESS:DJELATNIK
  454430 NARUDZBENICA_BC0$_HIDE:RELATE:PLACANJE
  454434 NARUDZBENICA_BC0$_HIDE:ACCESS:PLACANJE
  454438 NARUDZBENICA_BC0$_HIDE:RELATE:NACIN_OTPREME
  45443C NARUDZBENICA_BC0$_HIDE:ACCESS:NACIN_OTPREME
  454440 NARUDZBENICA_BC0$_HIDE:RELATE:ROK_ISPORUKE
  454444 NARUDZBENICA_BC0$_HIDE:ACCESS:ROK_ISPORUKE
  454448 NARUDZBENICA_BC0$_HIDE:RELATE:MJESTO
  45444C NARUDZBENICA_BC0$_HIDE:ACCESS:MJESTO
  454450 NARUDZBENICA_BC0$_HIDE:RELATE:FIRMA
  454454 NARUDZBENICA_BC0$_HIDE:ACCESS:FIRMA
  454458 NARUDZBENICA_BC0$_HIDE:RELATE:NARUDZBENICA
  45445C NARUDZBENICA_BC0$_HIDE:ACCESS:NARUDZBENICA
  454460 $FILESMANAGER
  454478 $SZDBTEXTLOG
  454D6C WMFINFILE$WMFF@:RECORD
  467000 __import_section_start
  468B34 __import_section_end

Imports
ClaASC.dll:ASCII 467094
ClaDOS.dll:DOS 4670A4
ClaRUN.dll:Cla$ACCEPTED 46745C,401000
ClaRUN.dll:Cla$ADDqueue 467460
ClaRUN.dll:Cla$ADDqueuekey 467464,401008
ClaRUN.dll:Cla$ADDqueueptr 467468
ClaRUN.dll:Cla$AddressUfo 46746C
ClaRUN.dll:Cla$ALERT 467470,401010
ClaRUN.dll:Cla$AssignLong2RefUfo 467474
ClaRUN.dll:Cla$AssignReal2RefUfo 467478
ClaRUN.dll:Cla$AssignRefUfo 46747C
ClaRUN.dll:Cla$BEEP 467480,401018
ClaRUN.dll:Cla$BindG 467484
ClaRUN.dll:Cla$CHOICE 467488,401020
ClaRUN.dll:Cla$CLEAR 46748C
ClaRUN.dll:Cla$CLEARqueue 467490
ClaRUN.dll:Cla$clearstr 467494
ClaRUN.dll:Cla$ClearType 467498
ClaRUN.dll:Cla$ClearUfo 46749C
ClaRUN.dll:Cla$CLOCK 4674A0,401028
ClaRUN.dll:Cla$CloneUfo 4674A4
ClaRUN.dll:Cla$CLOSEwindow 4674A8,401030
ClaRUN.dll:Cla$code 4674AC
ClaRUN.dll:Cla$COMMIT 4674B0,401038
ClaRUN.dll:Cla$comparestr 4674B4
ClaRUN.dll:Cla$CREATE 4674B8
ClaRUN.dll:Cla$DATE 4674BC,401040
ClaRUN.dll:Cla$DAY 4674C0,401048
ClaRUN.dll:Cla$DecAdd 4674C4
ClaRUN.dll:Cla$DecDistinct 4674C8
ClaRUN.dll:Cla$DecDistinctR 4674CC
ClaRUN.dll:Cla$DecDivide 4674D0
ClaRUN.dll:Cla$DecMul 4674D4
ClaRUN.dll:Cla$DecSub 4674D8
ClaRUN.dll:Cla$DecSubR 4674DC
ClaRUN.dll:Cla$DELETEqueue 4674E0,401050
ClaRUN.dll:Cla$DELETEREG 4674E4,401058
ClaRUN.dll:Cla$DESTROY 4674E8,401060
ClaRUN.dll:Cla$DISABLE 4674EC,401068
ClaRUN.dll:Cla$DISPLAY 4674F0,401070
ClaRUN.dll:Cla$DISPOSEqueue 4674F4
ClaRUN.dll:Cla$DISPOSEref 4674F8
ClaRUN.dll:Cla$DISPOSEvref 4674FC
ClaRUN.dll:Cla$Dlongpower 467500
ClaRUN.dll:Cla$DPopLong 467504
ClaRUN.dll:Cla$DPopReal 467508
ClaRUN.dll:Cla$DPopUlong 46750C
ClaRUN.dll:Cla$DPushConstant 467510
ClaRUN.dll:Cla$DPushDec 467514
ClaRUN.dll:Cla$DPushLong 467518
ClaRUN.dll:Cla$DPushULong 46751C
ClaRUN.dll:Cla$DRound 467520
ClaRUN.dll:Cla$DStack2Stack 467524
ClaRUN.dll:Cla$ENABLE 467528,401078
ClaRUN.dll:Cla$EndEventLoop 46752C
ClaRUN.dll:Cla$EndEventLoops 467530
ClaRUN.dll:Cla$ENDPAGE 467534,401080
ClaRUN.dll:Cla$ERRORCODE 467538,401088
ClaRUN.dll:Cla$Evaluate 46753C,401090
ClaRUN.dll:Cla$EVENT 467540,401098
ClaRUN.dll:Cla$FIELD 467544,4010A0
ClaRUN.dll:Cla$FILEERRORCODE 467548,4010A8
ClaRUN.dll:Cla$FILEERRORMSG 46754C,4010B0
ClaRUN.dll:Cla$FileExists 467550,4010B8
ClaRUN.dll:Cla$FILE_ADDf 467554
ClaRUN.dll:Cla$FILE_BUFFER 467558,4010C0
ClaRUN.dll:Cla$FILE_BUILDf 46755C,4010C8
ClaRUN.dll:Cla$FILE_BYTES 467560,4010D0
ClaRUN.dll:CLA$FILE_CALLBACK 467564,4010D8
ClaRUN.dll:Cla$FILE_CLEAR 467568
ClaRUN.dll:Cla$FILE_CLOSE 46756C,4010E0
ClaRUN.dll:Cla$FILE_CREATE 467570
ClaRUN.dll:Cla$FILE_DELETE 467574,4010E8
ClaRUN.dll:CLA$FILE_DESTROY 467578
ClaRUN.dll:Cla$FILE_DUPLICATEk 46757C,4010F0
ClaRUN.dll:Cla$FILE_FLUSH 467580,4010F8
ClaRUN.dll:CLA$FILE_FREESTATE 467584,401100
ClaRUN.dll:Cla$FILE_GETfk 467588
ClaRUN.dll:Cla$FILE_GETfl 46758C
ClaRUN.dll:Cla$FILE_GETflu 467590
ClaRUN.dll:Cla$FILE_GETNULLS 467594,401108
ClaRUN.dll:CLA$FILE_GETSTATE 467598,401110
ClaRUN.dll:Cla$FILE_GET_PROPERTY 46759C
ClaRUN.dll:Cla$FILE_NAME 4675A0,401118
ClaRUN.dll:Cla$FILE_NEXT 4675A4,401120
ClaRUN.dll:Cla$FILE_NOMEMO 4675A8,401128
ClaRUN.dll:Cla$FILE_OPEN 4675AC,401130
ClaRUN.dll:Cla$FILE_POSITIONf 4675B0,401138
ClaRUN.dll:Cla$FILE_POSITIONk 4675B4,401140
ClaRUN.dll:Cla$FILE_PREV 4675B8,401148
ClaRUN.dll:Cla$FILE_PUTf 4675BC
ClaRUN.dll:Cla$FILE_RECORDSf 4675C0,401150
ClaRUN.dll:Cla$FILE_REGETf 4675C4,401158
ClaRUN.dll:Cla$FILE_REGETk 4675C8,401160
ClaRUN.dll:Cla$FILE_RESETf 4675CC,401168
ClaRUN.dll:Cla$FILE_RESETk 4675D0,401170
ClaRUN.dll:CLA$FILE_RESTORESTATE 4675D4,401178
ClaRUN.dll:Cla$FILE_SEND 4675D8,401180
ClaRUN.dll:Cla$FILE_SETk 4675DC,401188
ClaRUN.dll:Cla$FILE_SETkk 4675E0,401190
ClaRUN.dll:Cla$FILE_SETNULLS 4675E4,401198
ClaRUN.dll:Cla$FILE_SET_PROPERTY 4675E8
ClaRUN.dll:Cla$FILE_WATCH 4675EC,4011A0
ClaRUN.dll:Cla$FOCUS 4675F0,4011A8
ClaRUN.dll:Cla$FREEqueue 4675F4
ClaRUN.dll:Cla$FREEqueuea 4675F8,4011B0
ClaRUN.dll:Cla$freestr 4675FC
ClaRUN.dll:Cla$FreeUfo 467600
ClaRUN.dll:Cla$freewindow 467604
ClaRUN.dll:Cla$GETINI 467608,4011B8
ClaRUN.dll:Cla$GETPOSITION 46760C,4011C0
ClaRUN.dll:Cla$GETPOSITIONw 467610,4011C8
ClaRUN.dll:Cla$GetPropS 467614
ClaRUN.dll:Cla$GETqueuekey 467618,4011D0
ClaRUN.dll:Cla$GETqueueptr 46761C
ClaRUN.dll:Cla$GETREG 467620,4011D8
ClaRUN.dll:Cla$Group2Ufo 467624
ClaRUN.dll:Cla$HALT 467628,4011E0
ClaRUN.dll:Cla$HIDE 46762C,4011E8
ClaRUN.dll:Cla$init 467630
ClaRUN.dll:Cla$INSTANCE 467634,4011F0
ClaRUN.dll:Cla$IsAlpha 467638,4011F8
ClaRUN.dll:Cla$IsUfoString 46763C,401200
ClaRUN.dll:Cla$IsUpper 467640,401208
ClaRUN.dll:Cla$KEYCHAR 467644,401210
ClaRUN.dll:Cla$KEYCODE 467648,401218
ClaRUN.dll:Cla$KEY_GET_PROPERTY 46764C
ClaRUN.dll:Cla$LOGOUT 467650,401220
ClaRUN.dll:Cla$longtostr 467654
ClaRUN.dll:Cla$Mem2Ufo 467658
ClaRUN.dll:Cla$MessageBox 46765C,401228
ClaRUN.dll:Cla$MONTH 467660,401230
ClaRUN.dll:Cla$MOUSEX 467664,401238
ClaRUN.dll:Cla$MOUSEY 467668,401240
ClaRUN.dll:Cla$NewMemB 46766C
ClaRUN.dll:Cla$NewMemT 467670
ClaRUN.dll:Cla$NewMemZ 467674
ClaRUN.dll:Cla$NEWqueue 467678
ClaRUN.dll:Cla$NOTIFICATION 46767C,401248
ClaRUN.dll:Cla$OPENowned 467680,401250
ClaRUN.dll:Cla$OPENwindow 467684,401258
ClaRUN.dll:Cla$paopen 467688,401260
ClaRUN.dll:Cla$pmopen 46768C,401268
ClaRUN.dll:Cla$POINTERqueue 467690,401270
ClaRUN.dll:Cla$PopAString 467694
ClaRUN.dll:Cla$PopBind 467698,401278
ClaRUN.dll:Cla$PopCString 46769C
ClaRUN.dll:Cla$PopReal 4676A0
ClaRUN.dll:Cla$PopString 4676A4
ClaRUN.dll:Cla$PopTemp 4676A8
ClaRUN.dll:Cla$POPUP 4676AC,401280
ClaRUN.dll:Cla$POST 4676B0,401288
ClaRUN.dll:Cla$PRESSKEY 4676B4,401290
ClaRUN.dll:Cla$PRINTreport 4676B8
ClaRUN.dll:Cla$propen 4676BC,401298
ClaRUN.dll:Cla$PushAString 4676C0
ClaRUN.dll:Cla$PushBind 4676C4,4012A0
ClaRUN.dll:Cla$PushCString 4676C8
ClaRUN.dll:Cla$PushLong 4676CC
ClaRUN.dll:Cla$PushPictDec 4676D0
ClaRUN.dll:Cla$PushPictLong 4676D4
ClaRUN.dll:Cla$PushReal 4676D8
ClaRUN.dll:Cla$PushString 4676DC
ClaRUN.dll:Cla$PushUfo 4676E0
ClaRUN.dll:Cla$PUTINI 4676E4,4012A8
ClaRUN.dll:Cla$PUTqueue 4676E8
ClaRUN.dll:Cla$PUTREG 4676EC,4012B0
ClaRUN.dll:Cla$pwopen 4676F0,4012B8
ClaRUN.dll:Cla$RECORDSqueue 4676F4,4012C0
ClaRUN.dll:Cla$RefAssignAny 4676F8
ClaRUN.dll:Cla$REGULAR 4676FC,4012C8
ClaRUN.dll:Cla$RemoveFile 467700,4012D0
ClaRUN.dll:Cla$ROLLBACK 467704,4012D8
ClaRUN.dll:Cla$rterr 467708,4012E0
ClaRUN.dll:Cla$RUN 46770C,4012E8
ClaRUN.dll:Cla$SELECT 467710,4012F0
ClaRUN.dll:Cla$SETCURSOR 467714,4012F8
ClaRUN.dll:Cla$SETKEYCODE 467718,401300
ClaRUN.dll:Cla$SETLAYOUT 46771C,401308
ClaRUN.dll:Cla$SETPOSITION 467720,401310
ClaRUN.dll:Cla$SETPOSITIONw 467724,401318
ClaRUN.dll:Cla$SetPropF 467728
ClaRUN.dll:Cla$SetPropQ 46772C
ClaRUN.dll:Cla$SetPropS 467730
ClaRUN.dll:Cla$SetPropV 467734
ClaRUN.dll:Cla$SETTARGET 467738,401320
ClaRUN.dll:Cla$SORTqueuekey 46773C,401328
ClaRUN.dll:Cla$Stack2DStack 467740
ClaRUN.dll:Cla$Stack2Ufo 467744
ClaRUN.dll:Cla$StackCLIP 467748,401330
ClaRUN.dll:Cla$StackCompareN 46774C
ClaRUN.dll:Cla$StackCompareNEQ 467750
ClaRUN.dll:Cla$StackCompareR 467754
ClaRUN.dll:Cla$StackConcat 467758
ClaRUN.dll:Cla$StackConcatR 46775C
ClaRUN.dll:Cla$StackDEFORMAT2 467760
ClaRUN.dll:Cla$StackErrstr 467764,401338
ClaRUN.dll:Cla$StackHeap 467768
ClaRUN.dll:Cla$StackINSTRING 46776C,401340
ClaRUN.dll:Cla$StackLEFT 467770,401348
ClaRUN.dll:Cla$StackLen 467774,401350
ClaRUN.dll:Cla$StackNUMERIC 467778,401358
ClaRUN.dll:Cla$STACKpop 46777C
ClaRUN.dll:Cla$StackRotate 467780
ClaRUN.dll:Cla$StackSUB 467784,401360
ClaRUN.dll:Cla$StackUPPER 467788,401368
ClaRUN.dll:Cla$START 46778C,401370
ClaRUN.dll:Cla$START2 467790,401378
ClaRUN.dll:Cla$StartEventLoop 467794
ClaRUN.dll:Cla$storecstr 467798
ClaRUN.dll:Cla$storestr 46779C
ClaRUN.dll:Cla$String2Ref 4677A0
ClaRUN.dll:Cla$THREAD 4677A4,401380
ClaRUN.dll:Cla$THREAD_FILE 4677A8
ClaRUN.dll:Cla$TODAY 4677AC,401388
ClaRUN.dll:Cla$Ufo2Real 4677B0
ClaRUN.dll:Cla$UfoCompareN 4677B4
ClaRUN.dll:Cla$Ufodistinct 4677B8
ClaRUN.dll:Cla$UNHIDE 4677BC,401390
ClaRUN.dll:Cla$UNREGISTEREVENT 4677C0,401398
ClaRUN.dll:Cla$UPDATE 4677C4,4013A0
ClaRUN.dll:Cla$VIEW_RESETvf 4677C8,4013A8
ClaRUN.dll:Cla$VIEW_SETvl 4677CC,4013B0
ClaRUN.dll:Cla$WHAT 4677D0,4013B8
ClaRUN.dll:Cla$WHATqueue 4677D4,4013C0
ClaRUN.dll:Cla$WHOqueue 4677D8,4013C8
ClaRUN.dll:Cla$YEAR 4677DC,4013D0
ClaRUN.dll:Cla$YIELD 4677E0,4013D8
ClaRUN.dll:NewCriticalSection 4677E4,4013E0
ClaRUN.dll:THR$GetInstance 4677E8,4013E8
ClaRUN.dll:VIEWDRIVER 4677EC
ClaRUN.dll:_exit 4677F0,4013F0
ClaRUN.dll:_fnsplit 4677F4,4013F8
ClaRUN.dll:_free 4677F8
ClaRUN.dll:_malloc 4677FC
ClaRUN.dll:__sysinit 467800,401400
ClaRUN.dll:__sysstart 467804,401408
ClaTPS.dll:TOPSPEED 467814
KERNEL32.dll:MulDiv 467824,401410
USER32.dll:GetSystemMetrics 467834,401418



Entry Point:   4276D4